Component: ARM Compiler 5.06 update 6 (build 750) Tool: armlink [4d35ed]

==============================================================================

Section Cross References

    startup_stm32f407xx.o(RESET) refers to startup_stm32f407xx.o(STACK) for __initial_sp
    startup_stm32f407xx.o(RESET) refers to startup_stm32f407xx.o(.text) for Reset_Handler
    startup_stm32f407xx.o(RESET) refers to stm32f4xx_it.o(i.NMI_Handler) for NMI_Handler
    startup_stm32f407xx.o(RESET) refers to stm32f4xx_it.o(i.HardFault_Handler) for HardFault_Handler
    startup_stm32f407xx.o(RESET) refers to stm32f4xx_it.o(i.MemManage_Handler) for MemManage_Handler
    startup_stm32f407xx.o(RESET) refers to stm32f4xx_it.o(i.BusFault_Handler) for BusFault_Handler
    startup_stm32f407xx.o(RESET) refers to stm32f4xx_it.o(i.UsageFault_Handler) for UsageFault_Handler
    startup_stm32f407xx.o(RESET) refers to stm32f4xx_it.o(i.SVC_Handler) for SVC_Handler
    startup_stm32f407xx.o(RESET) refers to stm32f4xx_it.o(i.DebugMon_Handler) for DebugMon_Handler
    startup_stm32f407xx.o(RESET) refers to stm32f4xx_it.o(i.PendSV_Handler) for PendSV_Handler
    startup_stm32f407xx.o(RESET) refers to stm32f4xx_it.o(i.SysTick_Handler) for SysTick_Handler
    startup_stm32f407xx.o(RESET) refers to stm32f4xx_it.o(i.EXTI0_IRQHandler) for EXTI0_IRQHandler
    startup_stm32f407xx.o(RESET) refers to stm32f4xx_it.o(i.EXTI2_IRQHandler) for EXTI2_IRQHandler
    startup_stm32f407xx.o(RESET) refers to stm32f4xx_it.o(i.USART1_IRQHandler) for USART1_IRQHandler
    startup_stm32f407xx.o(RESET) refers to stm32f4xx_it.o(i.DMA2_Stream0_IRQHandler) for DMA2_Stream0_IRQHandler
    startup_stm32f407xx.o(.text) refers to system_stm32f4xx.o(i.SystemInit) for SystemInit
    startup_stm32f407xx.o(.text) refers to entry.o(.ARM.Collect$$$$00000000) for __main
    delay.o(i.delay_init) refers to stm32f4xx_hal_cortex.o(i.HAL_SYSTICK_CLKSourceConfig) for HAL_SYSTICK_CLKSourceConfig
    delay.o(i.delay_init) refers to delay.o(.data) for .data
    delay.o(i.delay_ms) refers to delay.o(i.delay_us) for delay_us
    delay.o(i.delay_us) refers to delay.o(.data) for .data
    xmf_oled_stm32cube.o(i.OLED_Clear) refers to xmf_oled_stm32cube.o(i.OLED_WR_Byte) for OLED_WR_Byte
    xmf_oled_stm32cube.o(i.OLED_Display_Off) refers to xmf_oled_stm32cube.o(i.OLED_WR_Byte) for OLED_WR_Byte
    xmf_oled_stm32cube.o(i.OLED_Display_On) refers to xmf_oled_stm32cube.o(i.OLED_WR_Byte) for OLED_WR_Byte
    xmf_oled_stm32cube.o(i.OLED_DrawBMP) refers to xmf_oled_stm32cube.o(i.OLED_Set_Pos) for OLED_Set_Pos
    xmf_oled_stm32cube.o(i.OLED_DrawBMP) refers to xmf_oled_stm32cube.o(i.OLED_WR_Byte) for OLED_WR_Byte
    xmf_oled_stm32cube.o(i.OLED_Init) refers to stm32f4xx_hal_gpio.o(i.HAL_GPIO_WritePin) for HAL_GPIO_WritePin
    xmf_oled_stm32cube.o(i.OLED_Init) refers to stm32f4xx_hal.o(i.HAL_Delay) for HAL_Delay
    xmf_oled_stm32cube.o(i.OLED_Init) refers to stm32f4xx_hal_gpio.o(i.HAL_GPIO_Init) for HAL_GPIO_Init
    xmf_oled_stm32cube.o(i.OLED_Init) refers to xmf_oled_stm32cube.o(i.OLED_WR_Byte) for OLED_WR_Byte
    xmf_oled_stm32cube.o(i.OLED_Init) refers to xmf_oled_stm32cube.o(i.OLED_Clear) for OLED_Clear
    xmf_oled_stm32cube.o(i.OLED_Init) refers to xmf_oled_stm32cube.o(i.OLED_Set_Pos) for OLED_Set_Pos
    xmf_oled_stm32cube.o(i.OLED_Set_Pos) refers to xmf_oled_stm32cube.o(i.OLED_WR_Byte) for OLED_WR_Byte
    xmf_oled_stm32cube.o(i.OLED_ShowCHinese) refers to xmf_oled_stm32cube.o(i.OLED_Set_Pos) for OLED_Set_Pos
    xmf_oled_stm32cube.o(i.OLED_ShowCHinese) refers to xmf_oled_stm32cube.o(i.OLED_WR_Byte) for OLED_WR_Byte
    xmf_oled_stm32cube.o(i.OLED_ShowCHinese) refers to xmf_oled_stm32cube.o(.constdata) for .constdata
    xmf_oled_stm32cube.o(i.OLED_ShowChar) refers to xmf_oled_stm32cube.o(i.OLED_Set_Pos) for OLED_Set_Pos
    xmf_oled_stm32cube.o(i.OLED_ShowChar) refers to xmf_oled_stm32cube.o(i.OLED_WR_Byte) for OLED_WR_Byte
    xmf_oled_stm32cube.o(i.OLED_ShowChar) refers to xmf_oled_stm32cube.o(.constdata) for .constdata
    xmf_oled_stm32cube.o(i.OLED_ShowNum) refers to xmf_oled_stm32cube.o(i.oled_pow) for oled_pow
    xmf_oled_stm32cube.o(i.OLED_ShowNum) refers to xmf_oled_stm32cube.o(i.OLED_ShowChar) for OLED_ShowChar
    xmf_oled_stm32cube.o(i.OLED_ShowStr) refers to xmf_oled_stm32cube.o(i.OLED_ShowChar) for OLED_ShowChar
    xmf_oled_stm32cube.o(i.OLED_ShowString) refers to xmf_oled_stm32cube.o(i.OLED_ShowChar) for OLED_ShowChar
    xmf_oled_stm32cube.o(i.OLED_WR_Byte) refers to stm32f4xx_hal_gpio.o(i.HAL_GPIO_WritePin) for HAL_GPIO_WritePin
    xmf_oled_stm32cube.o(i.OLED_WriteXLine) refers to printfa.o(i.__0sprintf) for sprintf
    xmf_oled_stm32cube.o(i.OLED_WriteXLine) refers to xmf_oled_stm32cube.o(i.OLED_ShowStr) for OLED_ShowStr
    main.o(i.ADC_DMAStart) refers to stm32f4xx_hal.o(i.HAL_Delay) for HAL_Delay
    main.o(i.ADC_DMAStart) refers to stm32f4xx_hal_adc.o(i.HAL_ADC_Start_DMA) for HAL_ADC_Start_DMA
[...]
    Removing arm_common_tables.o(.constdata), (384 bytes).
    Removing arm_common_tables.o(.constdata), (768 bytes).
    Removing arm_common_tables.o(.constdata), (1536 bytes).
    Removing arm_common_tables.o(.constdata), (3072 bytes).
    Removing arm_common_tables.o(.constdata), (6144 bytes).
    Removing arm_common_tables.o(.constdata), (12288 bytes).
    Removing arm_common_tables.o(.constdata), (128 bytes).
    Removing arm_common_tables.o(.constdata), (256 bytes).
    Removing arm_common_tables.o(.constdata), (40 bytes).
    Removing arm_common_tables.o(.constdata), (96 bytes).
    Removing arm_common_tables.o(.constdata), (112 bytes).
    Removing arm_common_tables.o(.constdata), (416 bytes).
    Removing arm_common_tables.o(.constdata), (880 bytes).
    Removing arm_common_tables.o(.constdata), (896 bytes).
    Removing arm_common_tables.o(.constdata), (3600 bytes).
    Removing arm_common_tables.o(.constdata), (7616 bytes).
    Removing arm_common_tables.o(.constdata), (24 bytes).
    Removing arm_common_tables.o(.constdata), (48 bytes).
    Removing arm_common_tables.o(.constdata), (112 bytes).
    Removing arm_common_tables.o(.constdata), (224 bytes).
    Removing arm_common_tables.o(.constdata), (480 bytes).
    Removing arm_common_tables.o(.constdata), (960 bytes).
    Removing arm_common_tables.o(.constdata), (1984 bytes).
    Removing arm_common_tables.o(.constdata), (3968 bytes).
    Removing arm_common_tables.o(.constdata), (8064 bytes).
    Removing arm_common_tables.o(.constdata), (128 bytes).
    Removing arm_common_tables.o(.constdata), (256 bytes).
    Removing arm_common_tables.o(.constdata), (512 bytes).
    Removing arm_common_tables.o(.constdata), (1024 bytes).
    Removing arm_common_tables.o(.constdata), (2048 bytes).
    Removing arm_common_tables.o(.constdata), (4096 bytes).
    Removing arm_common_tables.o(.constdata), (8192 bytes).
    Removing arm_common_tables.o(.constdata), (16384 bytes).
    Removing arm_common_tables.o(.constdata), (2052 bytes).
    Removing arm_common_tables.o(.constdata), (2052 bytes).
    Removing arm_common_tables.o(.constdata), (1026 bytes).

584 unused section(s) (total 316250 bytes) removed from the image.

==============================================================================

Image Symbol Table

    Local Symbols

    Symbol Name                              Value     Ov Type        Size  Object(Section)

    ../Core/Src/adc.c                        0x00000000   Number         0  adc.o ABSOLUTE
    ../Core/Src/dma.c                        0x00000000   Number         0  dma.o ABSOLUTE
    ../Core/Src/gpio.c                       0x00000000   Number         0  gpio.o ABSOLUTE
    ../Core/Src/main.c                       0x00000000   Number         0  main.o ABSOLUTE
    ../Core/Src/stm32f4xx_hal_msp.c          0x00000000   Number         0  stm32f4xx_hal_msp.o ABSOLUTE
    ../Core/Src/stm32f4xx_it.c               0x00000000   Number         0  stm32f4xx_it.o ABSOLUTE
    ../Core/Src/system_stm32f4xx.c           0x00000000   Number         0  system_stm32f4xx.o ABSOLUTE
    ../Core/Src/tim.c                        0x00000000   Number         0  tim.o ABSOLUTE
    ../Core/Src/usart.c                      0x00000000   Number         0  usart.o ABSOLUTE
    ../Drivers/STM32F4xx_HAL_Driver/Src/stm32f4xx_hal.c 0x00000000   Number         0  stm32f4xx_hal.o ABSOLUTE
    ../Drivers/STM32F4xx_HAL_Driver/Src/stm32f4xx_hal_adc.c 0x00000000   Number         0  stm32f4xx_hal_adc.o ABSOLUTE
    ../Drivers/STM32F4xx_HAL_Driver/Src/stm32f4xx_hal_adc_ex.c 0x00000000   Number         0  stm32f4xx_hal_adc_ex.o ABSOLUTE
    ../Drivers/STM32F4xx_HAL_Driver/Src/stm32f4xx_hal_cortex.c 0x00000000   Number         0  stm32f4xx_hal_cortex.o ABSOLUTE
    ../Drivers/STM32F4xx_HAL_Driver/Src/stm32f4xx_hal_dma.c 0x00000000   Number         0  stm32f4xx_hal_dma.o ABSOLUTE
    ../Drivers/STM32F4xx_HAL_Driver/Src/stm32f4xx_hal_dma_ex.c 0x00000000   Number         0  stm32f4xx_hal_dma_ex.o ABSOLUTE
    ../Drivers/STM32F4xx_HAL_Driver/Src/stm32f4xx_hal_exti.c 0x00000000   Number         0  stm32f4xx_hal_exti.o ABSOLUTE
    ../Drivers/STM32F4xx_HAL_Driver/Src/stm32f4xx_hal_flash.c 0x00000000   Number         0  stm32f4xx_hal_flash.o ABSOLUTE
    ../Drivers/STM32F4xx_HAL_Driver/Src/stm32f4xx_hal_flash_ex.c 0x00000000   Number         0  stm32f4xx_hal_flash_ex.o ABSOLUTE
    ../Drivers/STM32F4xx_HAL_Driver/Src/stm32f4xx_hal_flash_ramfunc.c 0x00000000   Number         0  stm32f4xx_hal_flash_ramfunc.o ABSOLUTE
    ../Drivers/STM32F4xx_HAL_Driver/Src/stm32f4xx_hal_gpio.c 0x00000000   Number         0  stm32f4xx_hal_gpio.o ABSOLUTE
    ../Drivers/STM32F4xx_HAL_Driver/Src/stm32f4xx_hal_pwr.c 0x00000000   Number         0  stm32f4xx_hal_pwr.o ABSOLUTE
    ../Drivers/STM32F4xx_HAL_Driver/Src/stm32f4xx_hal_pwr_ex.c 0x00000000   Number         0  stm32f4xx_hal_pwr_ex.o ABSOLUTE
    ../Drivers/STM32F4xx_HAL_Driver/Src/stm32f4xx_hal_rcc.c 0x00000000   Number         0  stm32f4xx_hal_rcc.o ABSOLUTE
    ../Drivers/STM32F4xx_HAL_Driver/Src/stm32f4xx_hal_rcc_ex.c 0x00000000   Number         0  stm32f4xx_hal_rcc_ex.o ABSOLUTE
    ../Drivers/STM32F4xx_HAL_Driver/Src/stm32f4xx_hal_tim.c 0x00000000   Number         0  stm32f4xx_hal_tim.o ABSOLUTE
    ../Drivers/STM32F4xx_HAL_Driver/Src/stm32f4xx_hal_tim_ex.c 0x00000000   Number         0  stm32f4xx_hal_tim_ex.o ABSOLUTE
    ../Drivers/STM32F4xx_HAL_Driver/Src/stm32f4xx_hal_uart.c 0x00000000   Number         0  stm32f4xx_hal_uart.o ABSOLUTE
    ../clib/microlib/division.c              0x00000000   Number         0  uidiv.o ABSOLUTE
    ../clib/microlib/division.c              0x00000000   Number         0  uldiv.o ABSOLUTE
    ../clib/microlib/init/entry.s            0x00000000   Number         0  entry2.o ABSOLUTE
    ../clib/microlib/init/entry.s            0x00000000   Number         0  entry9a.o ABSOLUTE
    ../clib/microlib/init/entry.s            0x00000000   Number         0  entry11b.o ABSOLUTE
    ../clib/microlib/init/entry.s            0x00000000   Number         0  entry11a.o ABSOLUTE
    ../clib/microlib/init/entry.s            0x00000000   Number         0  entry10b.o ABSOLUTE
    ../clib/microlib/init/entry.s            0x00000000   Number         0  entry10a.o ABSOLUTE
    ../clib/microlib/init/entry.s            0x00000000   Number         0  entry8b.o ABSOLUTE
    ../clib/microlib/init/entry.s            0x00000000   Number         0  entry8a.o ABSOLUTE
    ../clib/microlib/init/entry.s            0x00000000   Number         0  entry.o ABSOLUTE
    ../clib/microlib/init/entry.s            0x00000000   Number         0  entry5.o ABSOLUTE
    ../clib/microlib/init/entry.s            0x00000000   Number         0  entry7b.o ABSOLUTE
    ../clib/microlib/init/entry.s            0x00000000   Number         0  entry7a.o ABSOLUTE
    ../clib/microlib/init/entry.s            0x00000000   Number         0  entry9b.o ABSOLUTE
    ../clib/microlib/longlong.c              0x00000000   Number         0  llushr.o ABSOLUTE
    ../clib/microlib/longlong.c              0x00000000   Number         0  llshl.o ABSOLUTE
    ../clib/microlib/longlong.c              0x00000000   Number         0  llsshr.o ABSOLUTE
    ../clib/microlib/printf/printf.c         0x00000000   Number         0  printf5.o ABSOLUTE
    ../clib/microlib/printf/printf.c         0x00000000   Number         0  printf6.o ABSOLUTE
    ../clib/microlib/printf/printf.c         0x00000000   Number         0  printf7.o ABSOLUTE
    ../clib/microlib/printf/printf.c         0x00000000   Number         0  printf8.o ABSOLUTE
    ../clib/microlib/printf/printf.c         0x00000000   Number         0  printfa.o ABSOLUTE
    ../clib/microlib/printf/printf.c         0x00000000   Number         0  printf1.o ABSOLUTE
    ../clib/microlib/printf/printf.c         0x00000000   Number         0  printf0.o ABSOLUTE
    ../clib/microlib/printf/printf.c         0x00000000   Number         0  printf2.o ABSOLUTE
    ../clib/microlib/printf/printf.c         0x00000000   Number         0  printf3.o ABSOLUTE
    ../clib/microlib/printf/printf.c         0x00000000   Number         0  printf4.o ABSOLUTE
    ../clib/microlib/printf/printf.c         0x00000000   Number         0  printfb.o ABSOLUTE
    ../clib/microlib/printf/stubs.s          0x00000000   Number         0  stubs.o ABSOLUTE
    ../clib/microlib/stdio/streams.c         0x00000000   Number         0  stdout.o ABSOLUTE
    ../clib/microlib/string/memset.c         0x00000000   Number         0  memseta.o ABSOLUTE
    ../clib/microlib/stubs.s                 0x00000000   Number         0  iusefp.o ABSOLUTE
    ../fplib/microlib/f2d.c                  0x00000000   Number         0  f2d.o ABSOLUTE
    ../fplib/microlib/fpadd.c                0x00000000   Number         0  dadd.o ABSOLUTE
    ../fplib/microlib/fpdiv.c                0x00000000   Number         0  ddiv.o ABSOLUTE
    ../fplib/microlib/fpepilogue.c           0x00000000   Number         0  depilogue.o ABSOLUTE
    ../fplib/microlib/fpfix.c                0x00000000   Number         0  dfixul.o ABSOLUTE
    ../fplib/microlib/fpflt.c                0x00000000   Number         0  dflti.o ABSOLUTE
    ../fplib/microlib/fpmul.c                0x00000000   Number         0  dmul.o ABSOLUTE
    ..\..\Source\CommonTables\arm_common_tables.c 0x00000000   Number         0  arm_common_tables.o ABSOLUTE
    ..\..\Source\CommonTables\arm_const_structs.c 0x00000000   Number         0  arm_const_structs.o ABSOLUTE
    ..\..\Source\ComplexMathFunctions\arm_cmplx_mag_f32.c 0x00000000   Number         0  arm_cmplx_mag_f32.o ABSOLUTE
    ..\..\Source\TransformFunctions\arm_cfft_f32.c 0x00000000   Number         0  arm_cfft_f32.o ABSOLUTE
    ..\..\Source\TransformFunctions\arm_cfft_radix8_f32.c 0x00000000   Number         0  arm_cfft_radix8_f32.o ABSOLUTE
    ..\..\Source\TransformFunctions\arm_rfft_init_q15.c 0x00000000   Number         0  arm_rfft_init_q15.o ABSOLUTE
    ..\..\Source\TransformFunctions\arm_rfft_init_q31.c 0x00000000   Number         0  arm_rfft_init_q31.o ABSOLUTE
    ..\Core\Src\XMF_OLED_STM32Cube.c         0x00000000   Number         0  xmf_oled_stm32cube.o ABSOLUTE
    ..\Core\Src\adc.c                        0x00000000   Number         0  adc.o ABSOLUTE
    ..\Core\Src\cr4_fft_1024_stm32.s         0x00000000   Number         0  cr4_fft_1024_stm32.o ABSOLUTE
    ..\Core\Src\cr4_fft_256_stm32.s          0x00000000   Number         0  cr4_fft_256_stm32.o ABSOLUTE
    ..\Core\Src\cr4_fft_64_stm32.s           0x00000000   Number         0  cr4_fft_64_stm32.o ABSOLUTE
    ..\Core\Src\delay.c                      0x00000000   Number         0  delay.o ABSOLUTE
    ..\Core\Src\dma.c                        0x00000000   Number         0  dma.o ABSOLUTE
    ..\Core\Src\gpio.c                       0x00000000   Number         0  gpio.o ABSOLUTE
    ..\Core\Src\main.c                       0x00000000   Number         0  main.o ABSOLUTE
    ..\Core\Src\stm32f4xx_hal_msp.c          0x00000000   Number         0  stm32f4xx_hal_msp.o ABSOLUTE
    ..\Core\Src\stm32f4xx_it.c               0x00000000   Number         0  stm32f4xx_it.o ABSOLUTE
    ..\Core\Src\system_stm32f4xx.c           0x00000000   Number         0  system_stm32f4xx.o ABSOLUTE
    ..\Core\Src\tim.c                        0x00000000   Number         0  tim.o ABSOLUTE
    ..\Core\Src\usart.c                      0x00000000   Number         0  usart.o ABSOLUTE
    ..\Drivers\STM32F4xx_HAL_Driver\Src\stm32f4xx_hal.c 0x00000000   Number         0  stm32f4xx_hal.o ABSOLUTE
    ..\Drivers\STM32F4xx_HAL_Driver\Src\stm32f4xx_hal_adc.c 0x00000000   Number         0  stm32f4xx_hal_adc.o ABSOLUTE
    ..\Drivers\STM32F4xx_HAL_Driver\Src\stm32f4xx_hal_adc_ex.c 0x00000000   Number         0  stm32f4xx_hal_adc_ex.o ABSOLUTE
    ..\Drivers\STM32F4xx_HAL_Driver\Src\stm32f4xx_hal_cortex.c 0x00000000   Number         0  stm32f4xx_hal_cortex.o ABSOLUTE
    ..\Drivers\STM32F4xx_HAL_Driver\Src\stm32f4xx_hal_dma.c 0x00000000   Number         0  stm32f4xx_hal_dma.o ABSOLUTE
    ..\Drivers\STM32F4xx_HAL_Driver\Src\stm32f4xx_hal_dma_ex.c 0x00000000   Number         0  stm32f4xx_hal_dma_ex.o ABSOLUTE
    ..\Drivers\STM32F4xx_HAL_Driver\Src\stm32f4xx_hal_exti.c 0x00000000   Number         0  stm32f4xx_hal_exti.o ABSOLUTE
    ..\Drivers\STM32F4xx_HAL_Driver\Src\stm32f4xx_hal_flash.c 0x00000000   Number         0  stm32f4xx_hal_flash.o ABSOLUTE
    ..\Drivers\STM32F4xx_HAL_Driver\Src\stm32f4xx_hal_flash_ex.c 0x00000000   Number         0  stm32f4xx_hal_flash_ex.o ABSOLUTE
    ..\Drivers\STM32F4xx_HAL_Driver\Src\stm32f4xx_hal_flash_ramfunc.c 0x00000000   Number         0  stm32f4xx_hal_flash_ramfunc.o ABSOLUTE
    ..\Drivers\STM32F4xx_HAL_Driver\Src\stm32f4xx_hal_gpio.c 0x00000000   Number         0  stm32f4xx_hal_gpio.o ABSOLUTE
    ..\Drivers\STM32F4xx_HAL_Driver\Src\stm32f4xx_hal_pwr.c 0x00000000   Number         0  stm32f4xx_hal_pwr.o ABSOLUTE
    ..\Drivers\STM32F4xx_HAL_Driver\Src\stm32f4xx_hal_pwr_ex.c 0x00000000   Number         0  stm32f4xx_hal_pwr_ex.o ABSOLUTE
    ..\Drivers\STM32F4xx_HAL_Driver\Src\stm32f4xx_hal_rcc.c 0x00000000   Number         0  stm32f4xx_hal_rcc.o ABSOLUTE
    ..\Drivers\STM32F4xx_HAL_Driver\Src\stm32f4xx_hal_rcc_ex.c 0x00000000   Number         0  stm32f4xx_hal_rcc_ex.o ABSOLUTE
    ..\Drivers\STM32F4xx_HAL_Driver\Src\stm32f4xx_hal_tim.c 0x00000000   Number         0  stm32f4xx_hal_tim.o ABSOLUTE
    ..\Drivers\STM32F4xx_HAL_Driver\Src\stm32f4xx_hal_tim_ex.c 0x00000000   Number         0  stm32f4xx_hal_tim_ex.o ABSOLUTE
    ..\Drivers\STM32F4xx_HAL_Driver\Src\stm32f4xx_hal_uart.c 0x00000000   Number         0  stm32f4xx_hal_uart.o ABSOLUTE
    ..\\..\\Source\\CommonTables\\arm_common_tables.c 0x00000000   Number         0  arm_common_tables.o ABSOLUTE
    ..\\..\\Source\\CommonTables\\arm_const_structs.c 0x00000000   Number         0  arm_const_structs.o ABSOLUTE
    ..\\..\\Source\\ComplexMathFunctions\\arm_cmplx_mag_f32.c 0x00000000   Number         0  arm_cmplx_mag_f32.o ABSOLUTE
    ..\\..\\Source\\TransformFunctions\\arm_bitreversal2.S 0x00000000   Number         0  arm_bitreversal2.o ABSOLUTE
    ..\\..\\Source\\TransformFunctions\\arm_cfft_f32.c 0x00000000   Number         0  arm_cfft_f32.o ABSOLUTE
    ..\\..\\Source\\TransformFunctions\\arm_cfft_radix8_f32.c 0x00000000   Number         0  arm_cfft_radix8_f32.o ABSOLUTE
    ..\\..\\Source\\TransformFunctions\\arm_rfft_init_q15.c 0x00000000   Number         0  arm_rfft_init_q15.o ABSOLUTE
    ..\\..\\Source\\TransformFunctions\\arm_rfft_init_q31.c 0x00000000   Number         0  arm_rfft_init_q31.o ABSOLUTE
    ..\\Core\\Src\\XMF_OLED_STM32Cube.c      0x00000000   Number         0  xmf_oled_stm32cube.o ABSOLUTE
    ..\\Core\\Src\\delay.c                   0x00000000   Number         0  delay.o ABSOLUTE
    cdrcmple.s                               0x00000000   Number         0  cdrcmple.o ABSOLUTE
    dc.s                                     0x00000000   Number         0  dc.o ABSOLUTE
    handlers.s                               0x00000000   Number         0  handlers.o ABSOLUTE
    init.s                                   0x00000000   Number         0  init.o ABSOLUTE
    startup_stm32f407xx.s                    0x00000000   Number         0  startup_stm32f407xx.o ABSOLUTE
    RESET                                    0x08000000   Section      392  startup_stm32f407xx.o(RESET)
    . text                                   0x08000188   Section      192  arm_bitreversal2.o(. text)
    $v0                                      0x08000188   Number         0  arm_bitreversal2.o(. text)
    .ARM.Collect$$$$00000000                 0x08000248   Section        0  entry.o(.ARM.Collect$$$$00000000)
    .ARM.Collect$$$$00000001                 0x08000248   Section        4  entry2.o(.ARM.Collect$$$$00000001)
    .ARM.Collect$$$$00000004                 0x0800024c   Section        4  entry5.o(.ARM.Collect$$$$00000004)
    .ARM.Collect$$$$00000008                 0x08000250   Section        0  entry7b.o(.ARM.Collect$$$$00000008)
    .ARM.Collect$$$$0000000A                 0x08000250   Section        0  entry8b.o(.ARM.Collect$$$$0000000A)
    .ARM.Collect$$$$0000000B                 0x08000250   Section        8  entry9a.o(.ARM.Collect$$$$0000000B)
    .ARM.Collect$$$$0000000D                 0x08000258   Section        0  entry10a.o(.ARM.Collect$$$$0000000D)
    .ARM.Collect$$$$0000000F                 0x08000258   Section        0  entry11a.o(.ARM.Collect$$$$0000000F)
    .ARM.Collect$$$$00002712                 0x08000258   Section        4  entry2.o(.ARM.Collect$$$$00002712)
    __lit__00000000                          0x08000258   Data           4  entry2.o(.ARM.Collect$$$$00002712)
    .text                                    0x0800025c   Section       36  startup_stm32f407xx.o(.text)
    $v0                                      0x0800025c   Number         0  startup_stm32f407xx.o(.text)
    .text                                    0x08000280   Section        0  arm_cmplx_mag_f32.o(.text)
    .text                                    0x0800037c   Section        0  arm_cfft_f32.o(.text)
    .text                                    0x08000aa0   Section        0  arm_cfft_radix8_f32.o(.text)
    .text                                    0x08000f7c   Section        0  uldiv.o(.text)
    .text                                    0x08000fde   Section        0  memseta.o(.text)
    .text                                    0x08001002   Section        0  dmul.o(.text)
    .text                                    0x080010e6   Section        0  ddiv.o(.text)
    .text                                    0x080011c4   Section        0  dflti.o(.text)
    .text                                    0x080011e6   Section        0  f2d.o(.text)
    .text                                    0x0800120c   Section       48  cdrcmple.o(.text)
    .text                                    0x0800123c   Section        0  uidiv.o(.text)
    .text                                    0x08001268   Section        0  llshl.o(.text)
    .text                                    0x08001286   Section        0  llushr.o(.text)
    .text                                    0x080012a6   Section        0  depilogue.o(.text)
    .text                                    0x080012a6   Section        0  iusefp.o(.text)
    .text                                    0x08001360   Section        0  dadd.o(.text)
    .text                                    0x080014ae   Section        0  dfixul.o(.text)
    .text                                    0x080014e0   Section       36  init.o(.text)
    .text                                    0x08001504   Section        0  llsshr.o(.text)
    i.ADC_DMAConvCplt                        0x08001528   Section        0  stm32f4xx_hal_adc.o(i.ADC_DMAConvCplt)
    ADC_DMAConvCplt                          0x08001529   Thumb Code   110  stm32f4xx_hal_adc.o(i.ADC_DMAConvCplt)
    i.ADC_DMAError                           0x08001596   Section        0  stm32f4xx_hal_adc.o(i.ADC_DMAError)
    ADC_DMAError                             0x08001597   Thumb Code    22  stm32f4xx_hal_adc.o(i.ADC_DMAError)
    i.ADC_DMAHalfConvCplt                    0x080015ac   Section        0  stm32f4xx_hal_adc.o(i.ADC_DMAHalfConvCplt)
    ADC_DMAHalfConvCplt                      0x080015ad   Thumb Code    10  stm32f4xx_hal_adc.o(i.ADC_DMAHalfConvCplt)
    i.ADC_DMAStart                           0x080015b8   Section        0  main.o(i.ADC_DMAStart)
    i.ADC_Init                               0x08001610   Section        0  stm32f4xx_hal_adc.o(i.ADC_Init)
    ADC_Init                                 0x08001611   Thumb Code   284  stm32f4xx_hal_adc.o(i.ADC_Init)
    i.BusFault_Handler                       0x08001738   Section        0  stm32f4xx_it.o(i.BusFault_Handler)
    i.CalculateTHD                           0x0800173c   Section        0  main.o(i.CalculateTHD)
    i.CalculateTHDAve                        0x08001958   Section        0  main.o(i.CalculateTHDAve)
    i.ClearStrBuf                            0x080019e0   Section        0  main.o(i.ClearStrBuf)
    i.DMA2_Stream0_IRQHandler                0x080019f4   Section        0  stm32f4xx_it.o(i.DMA2_Stream0_IRQHandler)
    i.DMA_CalcBaseAndBitshift                0x08001a00   Section        0  stm32f4xx_hal_dma.o(i.DMA_CalcBaseAndBitshift)
    DMA_CalcBaseAndBitshift                  0x08001a01   Thumb Code    34  stm32f4xx_hal_dma.o(i.DMA_CalcBaseAndBitshift)
    i.DMA_CheckFifoParam                     0x08001a28   Section        0  stm32f4xx_hal_dma.o(i.DMA_CheckFifoParam)
    DMA_CheckFifoParam                       0x08001a29   Thumb Code    84  stm32f4xx_hal_dma.o(i.DMA_CheckFifoParam)
    i.DMA_SetConfig                          0x08001a7c   Section        0  stm32f4xx_hal_dma.o(i.DMA_SetConfig)
    DMA_SetConfig                            0x08001a7d   Thumb Code    40  stm32f4xx_hal_dma.o(i.DMA_SetConfig)
    i.DebugMon_Handler                       0x08001aa4   Section        0  stm32f4xx_it.o(i.DebugMon_Handler)
    i.DisplayButtonDistortionWave            0x08001aa8   Section        0  main.o(i.DisplayButtonDistortionWave)
    i.DisplayCrossoverDistortionWave         0x08001adc   Section        0  main.o(i.DisplayCrossoverDistortionWave)
    i.DisplayNormalWave                      0x08001b10   Section        0  main.o(i.DisplayNormalWave)
    i.DisplayTopDistortionWave               0x08001b44   Section        0  main.o(i.DisplayTopDistortionWave)
    i.DisplayTwoWayDistortionWave            0x08001b78   Section        0  main.o(i.DisplayTwoWayDistortionWave)
    i.DisplayWave                            0x08001bac   Section        0  main.o(i.DisplayWave)
    i.EXTI0_IRQHandler                       0x08001e80   Section        0  stm32f4xx_it.o(i.EXTI0_IRQHandler)
    i.EXTI2_IRQHandler                       0x08001e86   Section        0  stm32f4xx_it.o(i.EXTI2_IRQHandler)
    i.Error_Handler                          0x08001e8c   Section        0  main.o(i.Error_Handler)
    i.FFT_Shift                              0x08001e90   Section        0  main.o(i.FFT_Shift)
    i.HAL_ADC_ConfigChannel                  0x08001ee0   Section        0  stm32f4xx_hal_adc.o(i.HAL_ADC_ConfigChannel)
    i.HAL_ADC_ConvCpltCallback               0x0800202c   Section        0  stm32f4xx_hal_adc.o(i.HAL_ADC_ConvCpltCallback)
    i.HAL_ADC_ConvHalfCpltCallback           0x0800202e   Section        0  stm32f4xx_hal_adc.o(i.HAL_ADC_ConvHalfCpltCallback)
    i.HAL_ADC_ErrorCallback                  0x08002030   Section        0  stm32f4xx_hal_adc.o(i.HAL_ADC_ErrorCallback)
    i.HAL_ADC_Init                           0x08002032   Section        0  stm32f4xx_hal_adc.o(i.HAL_ADC_Init)
    i.HAL_ADC_MspInit                        0x08002088   Section        0  adc.o(i.HAL_ADC_MspInit)
    i.HAL_ADC_Start                          0x08002120   Section        0  stm32f4xx_hal_adc.o(i.HAL_ADC_Start)
    i.HAL_ADC_Start_DMA                      0x0800220c   Section        0  stm32f4xx_hal_adc.o(i.HAL_ADC_Start_DMA)
    i.HAL_ADC_Stop_DMA                       0x0800233c   Section        0  stm32f4xx_hal_adc.o(i.HAL_ADC_Stop_DMA)
    i.HAL_DMA_Abort                          0x08002394   Section        0  stm32f4xx_hal_dma.o(i.HAL_DMA_Abort)
    i.HAL_DMA_Abort_IT                       0x08002422   Section        0  stm32f4xx_hal_dma.o(i.HAL_DMA_Abort_IT)
    i.HAL_DMA_IRQHandler                     0x08002448   Section        0  stm32f4xx_hal_dma.o(i.HAL_DMA_IRQHandler)
    i.HAL_DMA_Init                           0x080025e8   Section        0  stm32f4xx_hal_dma.o(i.HAL_DMA_Init)
    i.HAL_DMA_Start_IT                       0x080026bc   Section        0  stm32f4xx_hal_dma.o(i.HAL_DMA_Start_IT)
    i.HAL_Delay                              0x0800272c   Section        0  stm32f4xx_hal.o(i.HAL_Delay)
    i.HAL_GPIO_EXTI_Callback                 0x08002750   Section        0  main.o(i.HAL_GPIO_EXTI_Callback)
    i.HAL_GPIO_EXTI_IRQHandler               0x0800278c   Section        0  stm32f4xx_hal_gpio.o(i.HAL_GPIO_EXTI_IRQHandler)
    i.HAL_GPIO_Init                          0x080027a4   Section        0  stm32f4xx_hal_gpio.o(i.HAL_GPIO_Init)
    i.HAL_GPIO_WritePin                      0x0800295c   Section        0  stm32f4xx_hal_gpio.o(i.HAL_GPIO_WritePin)
    i.HAL_GetTick                            0x08002968   Section        0  stm32f4xx_hal.o(i.HAL_GetTick)
    i.HAL_IncTick                            0x08002974   Section        0  stm32f4xx_hal.o(i.HAL_IncTick)
    i.HAL_Init                               0x08002984   Section        0  stm32f4xx_hal.o(i.HAL_Init)
    i.HAL_InitTick                           0x080029b8   Section        0  stm32f4xx_hal.o(i.HAL_InitTick)
    i.HAL_MspInit                            0x080029f8   Section        0  stm32f4xx_hal_msp.o(i.HAL_MspInit)
    i.HAL_NVIC_EnableIRQ                     0x08002a28   Section        0  stm32f4xx_hal_cortex.o(i.HAL_NVIC_EnableIRQ)
    i.HAL_NVIC_SetPriority                   0x08002a44   Section        0  stm32f4xx_hal_cortex.o(i.HAL_NVIC_SetPriority)
    i.HAL_NVIC_SetPriorityGrouping           0x08002a84   Section        0  stm32f4xx_hal_cortex.o(i.HAL_NVIC_SetPriorityGrouping)
    i.HAL_RCC_ClockConfig                    0x08002aa8   Section        0  stm32f4xx_hal_rcc.o(i.HAL_RCC_ClockConfig)
    i.HAL_RCC_GetPCLK1Freq                   0x08002bdc   Section        0  stm32f4xx_hal_rcc.o(i.HAL_RCC_GetPCLK1Freq)
    i.HAL_RCC_GetPCLK2Freq                   0x08002bfc   Section        0  stm32f4xx_hal_rcc.o(i.HAL_RCC_GetPCLK2Freq)
    i.HAL_RCC_GetSysClockFreq                0x08002c1c   Section        0  stm32f4xx_hal_rcc.o(i.HAL_RCC_GetSysClockFreq)
    i.HAL_RCC_OscConfig                      0x08002c80   Section        0  stm32f4xx_hal_rcc.o(i.HAL_RCC_OscConfig)
    i.HAL_SYSTICK_CLKSourceConfig            0x08002fdc   Section        0  stm32f4xx_hal_cortex.o(i.HAL_SYSTICK_CLKSourceConfig)
    i.HAL_SYSTICK_Config                     0x08002ff4   Section        0  stm32f4xx_hal_cortex.o(i.HAL_SYSTICK_Config)
    i.HAL_TIMEx_MasterConfigSynchronization  0x0800301c   Section        0  stm32f4xx_hal_tim_ex.o(i.HAL_TIMEx_MasterConfigSynchronization)
    i.HAL_TIM_Base_Init                      0x080030ac   Section        0  stm32f4xx_hal_tim.o(i.HAL_TIM_Base_Init)
    i.HAL_TIM_Base_MspInit                   0x080030e4   Section        0  tim.o(i.HAL_TIM_Base_MspInit)
    i.HAL_TIM_Base_Start                     0x0800310c   Section        0  stm32f4xx_hal_tim.o(i.HAL_TIM_Base_Start)
    i.HAL_TIM_ConfigClockSource              0x08003130   Section        0  stm32f4xx_hal_tim.o(i.HAL_TIM_ConfigClockSource)
    i.HAL_UART_ErrorCallback                 0x08003206   Section        0  stm32f4xx_hal_uart.o(i.HAL_UART_ErrorCallback)
    i.HAL_UART_IRQHandler                    0x08003208   Section        0  stm32f4xx_hal_uart.o(i.HAL_UART_IRQHandler)
    i.HAL_UART_Init                          0x0800331c   Section        0  stm32f4xx_hal_uart.o(i.HAL_UART_Init)
    i.HAL_UART_MspInit                       0x08003380   Section        0  usart.o(i.HAL_UART_MspInit)
    i.HAL_UART_RxCpltCallback                0x080033fc   Section        0  stm32f4xx_hal_uart.o(i.HAL_UART_RxCpltCallback)
    i.HAL_UART_Transmit                      0x080033fe   Section        0  stm32f4xx_hal_uart.o(i.HAL_UART_Transmit)
    i.HAL_UART_TxCpltCallback                0x080034b8   Section        0  stm32f4xx_hal_uart.o(i.HAL_UART_TxCpltCallback)
    i.HardFault_Handler                      0x080034ba   Section        0  stm32f4xx_it.o(i.HardFault_Handler)
    i.LED_Check                              0x080034bc   Section        0  main.o(i.LED_Check)
    i.MX_ADC1_Init                           0x08003510   Section        0  adc.o(i.MX_ADC1_Init)
    i.MX_DMA_Init                            0x08003570   Section        0  dma.o(i.MX_DMA_Init)
    i.MX_GPIO_Init                           0x0800359c   Section        0  gpio.o(i.MX_GPIO_Init)
    i.MX_TIM3_Init                           0x080037fc   Section        0  tim.o(i.MX_TIM3_Init)
    i.MX_USART1_UART_Init                    0x08003864   Section        0  usart.o(i.MX_USART1_UART_Init)
    i.MemManage_Handler                      0x0800389c   Section        0  stm32f4xx_it.o(i.MemManage_Handler)
    i.NMI_Handler                            0x0800389e   Section        0  stm32f4xx_it.o(i.NMI_Handler)
    i.OLED_Clear                             0x080038a0   Section        0  xmf_oled_stm32cube.o(i.OLED_Clear)
    i.OLED_Init                              0x080038dc   Section        0  xmf_oled_stm32cube.o(i.OLED_Init)
    i.OLED_Set_Pos                           0x08003a90   Section        0  xmf_oled_stm32cube.o(i.OLED_Set_Pos)
    i.OLED_ShowChar                          0x08003abc   Section        0  xmf_oled_stm32cube.o(i.OLED_ShowChar)
    i.OLED_ShowStr                           0x08003b20   Section        0  xmf_oled_stm32cube.o(i.OLED_ShowStr)
    i.OLED_ShowString                        0x08003b54   Section        0  xmf_oled_stm32cube.o(i.OLED_ShowString)
    i.OLED_WR_Byte                           0x08003b88   Section        0  xmf_oled_stm32cube.o(i.OLED_WR_Byte)
    i.OLED_WriteXLine                        0x08003c04   Section        0  xmf_oled_stm32cube.o(i.OLED_WriteXLine)
    i.OLED_display_info                      0x08003c4c   Section        0  main.o(i.OLED_display_info)
    i.PendSV_Handler                         0x08003c68   Section        0  stm32f4xx_it.o(i.PendSV_Handler)
    i.SVC_Handler                            0x08003c6a   Section        0  stm32f4xx_it.o(i.SVC_Handler)
    i.SysTick_Handler                        0x08003c6c   Section        0  stm32f4xx_it.o(i.SysTick_Handler)
    i.SystemClock_Config                     0x08003c70   Section        0  main.o(i.SystemClock_Config)
    i.SystemInit                             0x08003cf8   Section        0  system_stm32f4xx.o(i.SystemInit)
    i.TIM_Base_SetConfig                     0x08003d14   Section        0  stm32f4xx_hal_tim.o(i.TIM_Base_SetConfig)
    i.TIM_ETR_SetConfig                      0x08003ddc   Section        0  stm32f4xx_hal_tim.o(i.TIM_ETR_SetConfig)
    i.TIM_ITRx_SetConfig                     0x08003df0   Section        0  stm32f4xx_hal_tim.o(i.TIM_ITRx_SetConfig)
    TIM_ITRx_SetConfig                       0x08003df1   Thumb Code    16  stm32f4xx_hal_tim.o(i.TIM_ITRx_SetConfig)
    i.TIM_TI1_ConfigInputStage               0x08003e00   Section        0  stm32f4xx_hal_tim.o(i.TIM_TI1_ConfigInputStage)
    TIM_TI1_ConfigInputStage                 0x08003e01   Thumb Code    34  stm32f4xx_hal_tim.o(i.TIM_TI1_ConfigInputStage)
    i.TIM_TI2_ConfigInputStage               0x08003e22   Section        0  stm32f4xx_hal_tim.o(i.TIM_TI2_ConfigInputStage)
    TIM_TI2_ConfigInputStage                 0x08003e23   Thumb Code    36  stm32f4xx_hal_tim.o(i.TIM_TI2_ConfigInputStage)
    i.UART_DMAAbortOnError                   0x08003e46   Section        0  stm32f4xx_hal_uart.o(i.UART_DMAAbortOnError)
    UART_DMAAbortOnError                     0x08003e47   Thumb Code    16  stm32f4xx_hal_uart.o(i.UART_DMAAbortOnError)
    i.UART_EndRxTransfer                     0x08003e56   Section        0  stm32f4xx_hal_uart.o(i.UART_EndRxTransfer)
    UART_EndRxTransfer                       0x08003e57   Thumb Code    28  stm32f4xx_hal_uart.o(i.UART_EndRxTransfer)
    i.UART_Receive_IT                        0x08003e72   Section        0  stm32f4xx_hal_uart.o(i.UART_Receive_IT)
    UART_Receive_IT                          0x08003e73   Thumb Code   150  stm32f4xx_hal_uart.o(i.UART_Receive_IT)
    i.UART_SetConfig                         0x08003f08   Section        0  stm32f4xx_hal_uart.o(i.UART_SetConfig)
    UART_SetConfig                           0x08003f09   Thumb Code   286  stm32f4xx_hal_uart.o(i.UART_SetConfig)
    i.UART_Transmit_IT                       0x08004030   Section        0  stm32f4xx_hal_uart.o(i.UART_Transmit_IT)
    UART_Transmit_IT                         0x08004031   Thumb Code    98  stm32f4xx_hal_uart.o(i.UART_Transmit_IT)
    i.UART_WaitOnFlagUntilTimeout            0x08004092   Section        0  stm32f4xx_hal_uart.o(i.UART_WaitOnFlagUntilTimeout)
    UART_WaitOnFlagUntilTimeout              0x08004093   Thumb Code   100  stm32f4xx_hal_uart.o(i.UART_WaitOnFlagUntilTimeout)
    i.USART1_IRQHandler                      0x080040f8   Section        0  stm32f4xx_it.o(i.USART1_IRQHandler)
    i.UsageFault_Handler                     0x08004104   Section        0  stm32f4xx_it.o(i.UsageFault_Handler)
    i.__0sprintf                             0x08004108   Section        0  printfa.o(i.__0sprintf)
    i.__NVIC_SetPriority                     0x08004130   Section        0  stm32f4xx_hal_cortex.o(i.__NVIC_SetPriority)
    __NVIC_SetPriority                       0x08004131   Thumb Code    32  stm32f4xx_hal_cortex.o(i.__NVIC_SetPriority)
    i.__scatterload_copy                     0x08004150   Section       14  handlers.o(i.__scatterload_copy)
    i.__scatterload_null                     0x0800415e   Section        2  handlers.o(i.__scatterload_null)
    i.__scatterload_zeroinit                 0x08004160   Section       14  handlers.o(i.__scatterload_zeroinit)
    i._fp_digits                             0x08004170   Section        0  printfa.o(i._fp_digits)
    _fp_digits                               0x08004171   Thumb Code   366  printfa.o(i._fp_digits)
    i._printf_core                           0x080042f4   Section        0  printfa.o(i._printf_core)
    _printf_core                             0x080042f5   Thumb Code  1744  printfa.o(i._printf_core)
    i._printf_post_padding                   0x080049d0   Section        0  printfa.o(i._printf_post_padding)
    _printf_post_padding                     0x080049d1   Thumb Code    36  printfa.o(i._printf_post_padding)
    i._printf_pre_padding                    0x080049f4   Section        0  printfa.o(i._printf_pre_padding)
    _printf_pre_padding                      0x080049f5   Thumb Code    46  printfa.o(i._printf_pre_padding)
    i._sputc                                 0x08004a22   Section        0  printfa.o(i._sputc)
    _sputc                                   0x08004a23   Thumb Code    10  printfa.o(i._sputc)
    i.delay_init                             0x08004a2c   Section        0  delay.o(i.delay_init)
    i.delay_ms                               0x08004a40   Section        0  delay.o(i.delay_ms)
    i.delay_us                               0x08004a5c   Section        0  delay.o(i.delay_us)
    i.main                                   0x08004a90   Section        0  main.o(i.main)
    .constdata                               0x08004d8c   Section     1840  xmf_oled_stm32cube.o(.constdata)
    .constdata                               0x080054bc   Section        8  stm32f4xx_hal_dma.o(.constdata)
    flagBitshiftOffset                       0x080054bc   Data           8  stm32f4xx_hal_dma.o(.constdata)
    .constdata                               0x080054c4   Section       16  system_stm32f4xx.o(.constdata)
    .constdata                               0x080054d4   Section        8  system_stm32f4xx.o(.constdata)
    .constdata                               0x080054dc   Section       16  arm_const_structs.o(.constdata)
    .constdata                               0x080054ec   Section    32768  arm_common_tables.o(.constdata)
    .constdata                               0x0800d4ec   Section     8064  arm_common_tables.o(.constdata)
    .data                                    0x10000000   Section        4  delay.o(.data)
    fac_us                                   0x10000000   Data           4  delay.o(.data)
    .data                                    0x10000004   Section       12  main.o(.data)
    .data                                    0x10000010   Section       12  stm32f4xx_hal.o(.data)
    .data                                    0x1000001c   Section        4  system_stm32f4xx.o(.data)
    .bss                                     0x10000020   Section      168  adc.o(.bss)
    .bss                                     0x100000c8   Section       64  tim.o(.bss)
    .bss                                     0x10000108   Section       64  usart.o(.bss)
    STACK                                    0x10000148   Section     1024  startup_stm32f407xx.o(STACK)
    .bss                                     0x20000000   Section    98868  main.o(.bss)

    Global Symbols

    Symbol Name                              Value     Ov Type        Size  Object(Section)

    BuildAttributes$$THM_ISAv4$E$P$D$K$B$S$7EM$VFPi3$EXTD16$VFPS$VFMA$PE$A:L22UL41UL21$X:L11$S22US41US21$IEEE1$IW$USESV6$~STKCKD$USESV7$~SHL$OTIME$ROPI$IEEEX$EBA8$MICROLIB$REQ8$PRES8$EABIv2 0x00000000   Number         0  anon$$obj.o ABSOLUTE
    __ARM_use_no_argv                        0x00000000   Number         0  main.o ABSOLUTE
    _printf_a                                0x00000000   Number         0  stubs.o ABSOLUTE
    _printf_c                                0x00000000   Number         0  stubs.o ABSOLUTE
    _printf_charcount                        0x00000000   Number         0  stubs.o ABSOLUTE
    _printf_d                                0x00000000   Number         0  stubs.o ABSOLUTE
    _printf_e                                0x00000000   Number         0  stubs.o ABSOLUTE
    _printf_f                                0x00000000   Number         0  stubs.o ABSOLUTE
    _printf_flags                            0x00000000   Number         0  stubs.o ABSOLUTE
    _printf_fp_dec                           0x00000000   Number         0  stubs.o ABSOLUTE
    _printf_fp_hex                           0x00000000   Number         0  stubs.o ABSOLUTE
    _printf_g                                0x00000000   Number         0  stubs.o ABSOLUTE
    _printf_i                                0x00000000   Number         0  stubs.o ABSOLUTE
    _printf_int_dec                          0x00000000   Number         0  stubs.o ABSOLUTE
    _printf_l                                0x00000000   Number         0  stubs.o ABSOLUTE
    _printf_lc                               0x00000000   Number         0  stubs.o ABSOLUTE
    _printf_ll                               0x00000000   Number         0  stubs.o ABSOLUTE
    _printf_lld                              0x00000000   Number         0  stubs.o ABSOLUTE
    _printf_lli                              0x00000000   Number         0  stubs.o ABSOLUTE
    _printf_llo                              0x00000000   Number         0  stubs.o ABSOLUTE
    _printf_llu                              0x00000000   Number         0  stubs.o ABSOLUTE
    _printf_llx                              0x00000000   Number         0  stubs.o ABSOLUTE
    _printf_longlong_dec                     0x00000000   Number         0  stubs.o ABSOLUTE
    _printf_longlong_hex                     0x00000000   Number         0  stubs.o ABSOLUTE
    _printf_longlong_oct                     0x00000000   Number         0  stubs.o ABSOLUTE
    _printf_ls                               0x00000000   Number         0  stubs.o ABSOLUTE
    _printf_mbtowc                           0x00000000   Number         0  stubs.o ABSOLUTE
    _printf_n                                0x00000000   Number         0  stubs.o ABSOLUTE
    _printf_o                                0x00000000   Number         0  stubs.o ABSOLUTE
    _printf_p                                0x00000000   Number         0  stubs.o ABSOLUTE
    _printf_percent                          0x00000000   Number         0  stubs.o ABSOLUTE
    _printf_pre_padding                      0x00000000   Number         0  stubs.o ABSOLUTE
    _printf_return_value                     0x00000000   Number         0  stubs.o ABSOLUTE
    _printf_s                                0x00000000   Number         0  stubs.o ABSOLUTE
    _printf_sizespec                         0x00000000   Number         0  stubs.o ABSOLUTE
    _printf_str                              0x00000000   Number         0  stubs.o ABSOLUTE
    _printf_truncate_signed                  0x00000000   Number         0  stubs.o ABSOLUTE
    _printf_truncate_unsigned                0x00000000   Number         0  stubs.o ABSOLUTE
    _printf_u                                0x00000000   Number         0  stubs.o ABSOLUTE
    _printf_wc                               0x00000000   Number         0  stubs.o ABSOLUTE
    _printf_wctomb                           0x00000000   Number         0  stubs.o ABSOLUTE
    _printf_widthprec                        0x00000000   Number         0  stubs.o ABSOLUTE
    _printf_x                                0x00000000   Number         0  stubs.o ABSOLUTE
    __cpp_initialize__aeabi_                  - Undefined Weak Reference
    __cxa_finalize                            - Undefined Weak Reference
    __decompress                              - Undefined Weak Reference
    _clock_init                               - Undefined Weak Reference
    _microlib_exit                            - Undefined Weak Reference
    __Vectors_Size                           0x00000188   Number         0  startup_stm32f407xx.o ABSOLUTE
    __Vectors                                0x08000000   Data           4  startup_stm32f407xx.o(RESET)
    __Vectors_End                            0x08000188   Data           0  startup_stm32f407xx.o(RESET)
    arm_bitreversal_32                       0x08000189   Thumb Code   106  arm_bitreversal2.o(. text)
    arm_bitreversal_16                       0x080001f3   Thumb Code    86  arm_bitreversal2.o(. text)
    __main                                   0x08000249   Thumb Code     0  entry.o(.ARM.Collect$$$$00000000)
    _main_stk                                0x08000249   Thumb Code     0  entry2.o(.ARM.Collect$$$$00000001)
    _main_scatterload                        0x0800024d   Thumb Code     0  entry5.o(.ARM.Collect$$$$00000004)
    __main_after_scatterload                 0x08000251   Thumb Code     0  entry5.o(.ARM.Collect$$$$00000004)
    _main_clock                              0x08000251   Thumb Code     0  entry7b.o(.ARM.Collect$$$$00000008)
    _main_cpp_init                           0x08000251   Thumb Code     0  entry8b.o(.ARM.Collect$$$$0000000A)
    _main_init                               0x08000251   Thumb Code     0  entry9a.o(.ARM.Collect$$$$0000000B)
    __rt_final_cpp                           0x08000259   Thumb Code     0  entry10a.o(.ARM.Collect$$$$0000000D)
    __rt_final_exit                          0x08000259   Thumb Code     0  entry11a.o(.ARM.Collect$$$$0000000F)
    Reset_Handler                            0x0800025d   Thumb Code     8  startup_stm32f407xx.o(.text)
    ADC_IRQHandler                           0x08000277   Thumb Code     0  startup_stm32f407xx.o(.text)
    CAN1_RX0_IRQHandler                      0x08000277   Thumb Code     0  startup_stm32f407xx.o(.text)
    CAN1_RX1_IRQHandler                      0x08000277   Thumb Code     0  startup_stm32f407xx.o(.text)
    CAN1_SCE_IRQHandler                      0x08000277   Thumb Code     0  startup_stm32f407xx.o(.text)
    CAN1_TX_IRQHandler                       0x08000277   Thumb Code     0  startup_stm32f407xx.o(.text)
    CAN2_RX0_IRQHandler                      0x08000277   Thumb Code     0  startup_stm32f407xx.o(.text)
    CAN2_RX1_IRQHandler                      0x08000277   Thumb Code     0  startup_stm32f407xx.o(.text)
    CAN2_SCE_IRQHandler                      0x08000277   Thumb Code     0  startup_stm32f407xx.o(.text)
    CAN2_TX_IRQHandler                       0x08000277   Thumb Code     0  startup_stm32f407xx.o(.text)
    DCMI_IRQHandler                          0x08000277   Thumb Code     0  startup_stm32f407xx.o(.text)
    DMA1_Stream0_IRQHandler                  0x08000277   Thumb Code     0  startup_stm32f407xx.o(.text)
    DMA1_Stream1_IRQHandler                  0x08000277   Thumb Code     0  startup_stm32f407xx.o(.text)
    DMA1_Stream2_IRQHandler                  0x08000277   Thumb Code     0  startup_stm32f407xx.o(.text)
    DMA1_Stream3_IRQHandler                  0x08000277   Thumb Code     0  startup_stm32f407xx.o(.text)
    DMA1_Stream4_IRQHandler                  0x08000277   Thumb Code     0  startup_stm32f407xx.o(.text)
    DMA1_Stream5_IRQHandler                  0x08000277   Thumb Code     0  startup_stm32f407xx.o(.text)
    DMA1_Stream6_IRQHandler                  0x08000277   Thumb Code     0  startup_stm32f407xx.o(.text)
    DMA1_Stream7_IRQHandler                  0x08000277   Thumb Code     0  startup_stm32f407xx.o(.text)
    DMA2_Stream1_IRQHandler                  0x08000277   Thumb Code     0  startup_stm32f407xx.o(.text)
    DMA2_Stream2_IRQHandler                  0x08000277   Thumb Code     0  startup_stm32f407xx.o(.text)
    DMA2_Stream3_IRQHandler                  0x08000277   Thumb Code     0  startup_stm32f407xx.o(.text)
    DMA2_Stream4_IRQHandler                  0x08000277   Thumb Code     0  startup_stm32f407xx.o(.text)
    DMA2_Stream5_IRQHandler                  0x08000277   Thumb Code     0  startup_stm32f407xx.o(.text)
    DMA2_Stream6_IRQHandler                  0x08000277   Thumb Code     0  startup_stm32f407xx.o(.text)
    DMA2_Stream7_IRQHandler                  0x08000277   Thumb Code     0  startup_stm32f407xx.o(.text)
    ETH_IRQHandler                           0x08000277   Thumb Code     0  startup_stm32f407xx.o(.text)
    ETH_WKUP_IRQHandler                      0x08000277   Thumb Code     0  startup_stm32f407xx.o(.text)
    EXTI15_10_IRQHandler                     0x08000277   Thumb Code     0  startup_stm32f407xx.o(.text)
    EXTI1_IRQHandler                         0x08000277   Thumb Code     0  startup_stm32f407xx.o(.text)
    EXTI3_IRQHandler                         0x08000277   Thumb Code     0  startup_stm32f407xx.o(.text)
    EXTI4_IRQHandler                         0x08000277   Thumb Code     0  startup_stm32f407xx.o(.text)
    EXTI9_5_IRQHandler                       0x08000277   Thumb Code     0  startup_stm32f407xx.o(.text)
    FLASH_IRQHandler                         0x08000277   Thumb Code     0  startup_stm32f407xx.o(.text)
    FMC_IRQHandler                           0x08000277   Thumb Code     0  startup_stm32f407xx.o(.text)
    FPU_IRQHandler                           0x08000277   Thumb Code     0  startup_stm32f407xx.o(.text)
    HASH_RNG_IRQHandler                      0x08000277   Thumb Code     0  startup_stm32f407xx.o(.text)
    I2C1_ER_IRQHandler                       0x08000277   Thumb Code     0  startup_stm32f407xx.o(.text)
    I2C1_EV_IRQHandler                       0x08000277   Thumb Code     0  startup_stm32f407xx.o(.text)
    I2C2_ER_IRQHandler                       0x08000277   Thumb Code     0  startup_stm32f407xx.o(.text)
    I2C2_EV_IRQHandler                       0x08000277   Thumb Code     0  startup_stm32f407xx.o(.text)
    I2C3_ER_IRQHandler                       0x08000277   Thumb Code     0  startup_stm32f407xx.o(.text)
    I2C3_EV_IRQHandler                       0x08000277   Thumb Code     0  startup_stm32f407xx.o(.text)
    OTG_FS_IRQHandler                        0x08000277   Thumb Code     0  startup_stm32f407xx.o(.text)
    OTG_FS_WKUP_IRQHandler                   0x08000277   Thumb Code     0  startup_stm32f407xx.o(.text)
    OTG_HS_EP1_IN_IRQHandler                 0x08000277   Thumb Code     0  startup_stm32f407xx.o(.text)
    OTG_HS_EP1_OUT_IRQHandler                0x08000277   Thumb Code     0  startup_stm32f407xx.o(.text)
    OTG_HS_IRQHandler                        0x08000277   Thumb Code     0  startup_stm32f407xx.o(.text)
    OTG_HS_WKUP_IRQHandler                   0x08000277   Thumb Code     0  startup_stm32f407xx.o(.text)
    PVD_IRQHandler                           0x08000277   Thumb Code     0  startup_stm32f407xx.o(.text)
    RCC_IRQHandler                           0x08000277   Thumb Code     0  startup_stm32f407xx.o(.text)
    RTC_Alarm_IRQHandler                     0x08000277   Thumb Code     0  startup_stm32f407xx.o(.text)
    RTC_WKUP_IRQHandler                      0x08000277   Thumb Code     0  startup_stm32f407xx.o(.text)
    SDIO_IRQHandler                          0x08000277   Thumb Code     0  startup_stm32f407xx.o(.text)
    SPI1_IRQHandler                          0x08000277   Thumb Code     0  startup_stm32f407xx.o(.text)
    SPI2_IRQHandler                          0x08000277   Thumb Code     0  startup_stm32f407xx.o(.text)
    SPI3_IRQHandler                          0x08000277   Thumb Code     0  startup_stm32f407xx.o(.text)
    TAMP_STAMP_IRQHandler                    0x08000277   Thumb Code     0  startup_stm32f407xx.o(.text)
    TIM1_BRK_TIM9_IRQHandler                 0x08000277   Thumb Code     0  startup_stm32f407xx.o(.text)
    TIM1_CC_IRQHandler                       0x08000277   Thumb Code     0  startup_stm32f407xx.o(.text)
    TIM1_TRG_COM_TIM11_IRQHandler            0x08000277   Thumb Code     0  startup_stm32f407xx.o(.text)
    TIM1_UP_TIM10_IRQHandler                 0x08000277   Thumb Code     0  startup_stm32f407xx.o(.text)
    TIM2_IRQHandler                          0x08000277   Thumb Code     0  startup_stm32f407xx.o(.text)
    TIM3_IRQHandler                          0x08000277   Thumb Code     0  startup_stm32f407xx.o(.text)
    TIM4_IRQHandler                          0x08000277   Thumb Code     0  startup_stm32f407xx.o(.text)
    TIM5_IRQHandler                          0x08000277   Thumb Code     0  startup_stm32f407xx.o(.text)
    TIM6_DAC_IRQHandler                      0x08000277   Thumb Code     0  startup_stm32f407xx.o(.text)
    TIM7_IRQHandler                          0x08000277   Thumb Code     0  startup_stm32f407xx.o(.text)
    TIM8_BRK_TIM12_IRQHandler                0x08000277   Thumb Code     0  startup_stm32f407xx.o(.text)
    TIM8_CC_IRQHandler                       0x08000277   Thumb Code     0  startup_stm32f407xx.o(.text)
    TIM8_TRG_COM_TIM14_IRQHandler            0x08000277   Thumb Code     0  startup_stm32f407xx.o(.text)
    TIM8_UP_TIM13_IRQHandler                 0x08000277   Thumb Code     0  startup_stm32f407xx.o(.text)
    UART4_IRQHandler                         0x08000277   Thumb Code     0  startup_stm32f407xx.o(.text)
    UART5_IRQHandler                         0x08000277   Thumb Code     0  startup_stm32f407xx.o(.text)
    USART2_IRQHandler                        0x08000277   Thumb Code     0  startup_stm32f407xx.o(.text)
    USART3_IRQHandler                        0x08000277   Thumb Code     0  startup_stm32f407xx.o(.text)
    USART6_IRQHandler                        0x08000277   Thumb Code     0  startup_stm32f407xx.o(.text)
    WWDG_IRQHandler                          0x08000277   Thumb Code     0  startup_stm32f407xx.o(.text)
    arm_cmplx_mag_f32                        0x08000281   Thumb Code   246  arm_cmplx_mag_f32.o(.text)
    arm_cfft_radix8by2_f32                   0x0800037d   Thumb Code   398  arm_cfft_f32.o(.text)
    arm_cfft_radix8by4_f32                   0x0800050b   Thumb Code  1098  arm_cfft_f32.o(.text)
    arm_cfft_f32                             0x08000955   Thumb Code   330  arm_cfft_f32.o(.text)
    arm_radix8_butterfly_f32                 0x08000aa1   Thumb Code  1244  arm_cfft_radix8_f32.o(.text)
    __aeabi_uldivmod                         0x08000f7d   Thumb Code    98  uldiv.o(.text)
    __aeabi_memset                           0x08000fdf   Thumb Code    14  memseta.o(.text)
    __aeabi_memset4                          0x08000fdf   Thumb Code     0  memseta.o(.text)
    __aeabi_memset8                          0x08000fdf   Thumb Code     0  memseta.o(.text)
    __aeabi_memclr                           0x08000fed   Thumb Code     4  memseta.o(.text)
    __aeabi_memclr4                          0x08000fed   Thumb Code     0  memseta.o(.text)
    __aeabi_memclr8                          0x08000fed   Thumb Code     0  memseta.o(.text)
    _memset$wrapper                          0x08000ff1   Thumb Code    18  memseta.o(.text)
    __aeabi_dmul                             0x08001003   Thumb Code   228  dmul.o(.text)
    __aeabi_ddiv                             0x080010e7   Thumb Code   222  ddiv.o(.text)
    __aeabi_i2d                              0x080011c5   Thumb Code    34  dflti.o(.text)
    __aeabi_f2d                              0x080011e7   Thumb Code    38  f2d.o(.text)
    __aeabi_cdrcmple                         0x0800120d   Thumb Code    48  cdrcmple.o(.text)
    __aeabi_uidiv                            0x0800123d   Thumb Code     0  uidiv.o(.text)
    __aeabi_uidivmod                         0x0800123d   Thumb Code    44  uidiv.o(.text)
    __aeabi_llsl                             0x08001269   Thumb Code    30  llshl.o(.text)
    _ll_shift_l                              0x08001269   Thumb Code     0  llshl.o(.text)
    __aeabi_llsr                             0x08001287   Thumb Code    32  llushr.o(.text)
    _ll_ushift_r                             0x08001287   Thumb Code     0  llushr.o(.text)
    __I$use$fp                               0x080012a7   Thumb Code     0  iusefp.o(.text)
    _double_round                            0x080012a7   Thumb Code    30  depilogue.o(.text)
    _double_epilogue                         0x080012c5   Thumb Code   156  depilogue.o(.text)
    __aeabi_dadd                             0x08001361   Thumb Code   322  dadd.o(.text)
    __aeabi_dsub                             0x080014a3   Thumb Code     6  dadd.o(.text)
    __aeabi_drsub                            0x080014a9   Thumb Code     6  dadd.o(.text)
    __aeabi_d2ulz                            0x080014af   Thumb Code    48  dfixul.o(.text)
    __scatterload                            0x080014e1   Thumb Code    28  init.o(.text)
    __scatterload_rt2                        0x080014e1   Thumb Code     0  init.o(.text)
    __aeabi_lasr                             0x08001505   Thumb Code    36  llsshr.o(.text)
    _ll_sshift_r                             0x08001505   Thumb Code     0  llsshr.o(.text)
    ADC_DMAStart                             0x080015b9   Thumb Code    80  main.o(i.ADC_DMAStart)
    BusFault_Handler                         0x08001739   Thumb Code     2  stm32f4xx_it.o(i.BusFault_Handler)
    CalculateTHD                             0x0800173d   Thumb Code   474  main.o(i.CalculateTHD)
    CalculateTHDAve                          0x08001959   Thumb Code   118  main.o(i.CalculateTHDAve)
    ClearStrBuf                              0x080019e1   Thumb Code    16  main.o(i.ClearStrBuf)
    DMA2_Stream0_IRQHandler                  0x080019f5   Thumb Code     6  stm32f4xx_it.o(i.DMA2_Stream0_IRQHandler)
    DebugMon_Handler                         0x08001aa5   Thumb Code     2  stm32f4xx_it.o(i.DebugMon_Handler)
    DisplayButtonDistortionWave              0x08001aa9   Thumb Code    48  main.o(i.DisplayButtonDistortionWave)
    DisplayCrossoverDistortionWave           0x08001add   Thumb Code    48  main.o(i.DisplayCrossoverDistortionWave)
    DisplayNormalWave                        0x08001b11   Thumb Code    48  main.o(i.DisplayNormalWave)
    DisplayTopDistortionWave                 0x08001b45   Thumb Code    48  main.o(i.DisplayTopDistortionWave)
    DisplayTwoWayDistortionWave              0x08001b79   Thumb Code    48  main.o(i.DisplayTwoWayDistortionWave)
    DisplayWave                              0x08001bad   Thumb Code   576  main.o(i.DisplayWave)
    EXTI0_IRQHandler                         0x08001e81   Thumb Code     6  stm32f4xx_it.o(i.EXTI0_IRQHandler)
    EXTI2_IRQHandler                         0x08001e87   Thumb Code     6  stm32f4xx_it.o(i.EXTI2_IRQHandler)
    Error_Handler                            0x08001e8d   Thumb Code     2  main.o(i.Error_Handler)
    FFT_Shift                                0x08001e91   Thumb Code    68  main.o(i.FFT_Shift)
    HAL_ADC_ConfigChannel                    0x08001ee1   Thumb Code   316  stm32f4xx_hal_adc.o(i.HAL_ADC_ConfigChannel)
    HAL_ADC_ConvCpltCallback                 0x0800202d   Thumb Code     2  stm32f4xx_hal_adc.o(i.HAL_ADC_ConvCpltCallback)
    HAL_ADC_ConvHalfCpltCallback             0x0800202f   Thumb Code     2  stm32f4xx_hal_adc.o(i.HAL_ADC_ConvHalfCpltCallback)
    HAL_ADC_ErrorCallback                    0x08002031   Thumb Code     2  stm32f4xx_hal_adc.o(i.HAL_ADC_ErrorCallback)
    HAL_ADC_Init                             0x08002033   Thumb Code    84  stm32f4xx_hal_adc.o(i.HAL_ADC_Init)
    HAL_ADC_MspInit                          0x08002089   Thumb Code   130  adc.o(i.HAL_ADC_MspInit)
    HAL_ADC_Start                            0x08002121   Thumb Code   210  stm32f4xx_hal_adc.o(i.HAL_ADC_Start)
    HAL_ADC_Start_DMA                        0x0800220d   Thumb Code   268  stm32f4xx_hal_adc.o(i.HAL_ADC_Start_DMA)
    HAL_ADC_Stop_DMA                         0x0800233d   Thumb Code    88  stm32f4xx_hal_adc.o(i.HAL_ADC_Stop_DMA)
    HAL_DMA_Abort                            0x08002395   Thumb Code   142  stm32f4xx_hal_dma.o(i.HAL_DMA_Abort)
    HAL_DMA_Abort_IT                         0x08002423   Thumb Code    36  stm32f4xx_hal_dma.o(i.HAL_DMA_Abort_IT)
    HAL_DMA_IRQHandler                       0x08002449   Thumb Code   412  stm32f4xx_hal_dma.o(i.HAL_DMA_IRQHandler)
    HAL_DMA_Init                             0x080025e9   Thumb Code   206  stm32f4xx_hal_dma.o(i.HAL_DMA_Init)
    HAL_DMA_Start_IT                         0x080026bd   Thumb Code   110  stm32f4xx_hal_dma.o(i.HAL_DMA_Start_IT)
    HAL_Delay                                0x0800272d   Thumb Code    32  stm32f4xx_hal.o(i.HAL_Delay)
    HAL_GPIO_EXTI_Callback                   0x08002751   Thumb Code    50  main.o(i.HAL_GPIO_EXTI_Callback)
    HAL_GPIO_EXTI_IRQHandler                 0x0800278d   Thumb Code    18  stm32f4xx_hal_gpio.o(i.HAL_GPIO_EXTI_IRQHandler)
    HAL_GPIO_Init                            0x080027a5   Thumb Code   394  stm32f4xx_hal_gpio.o(i.HAL_GPIO_Init)
    HAL_GPIO_WritePin                        0x0800295d   Thumb Code    10  stm32f4xx_hal_gpio.o(i.HAL_GPIO_WritePin)
    HAL_GetTick                              0x08002969   Thumb Code     6  stm32f4xx_hal.o(i.HAL_GetTick)
    HAL_IncTick                              0x08002975   Thumb Code    12  stm32f4xx_hal.o(i.HAL_IncTick)
    HAL_Init                                 0x08002985   Thumb Code    48  stm32f4xx_hal.o(i.HAL_Init)
    HAL_InitTick                             0x080029b9   Thumb Code    54  stm32f4xx_hal.o(i.HAL_InitTick)
    HAL_MspInit                              0x080029f9   Thumb Code    42  stm32f4xx_hal_msp.o(i.HAL_MspInit)
    HAL_NVIC_EnableIRQ                       0x08002a29   Thumb Code    26  stm32f4xx_hal_cortex.o(i.HAL_NVIC_EnableIRQ)
    HAL_NVIC_SetPriority                     0x08002a45   Thumb Code    60  stm32f4xx_hal_cortex.o(i.HAL_NVIC_SetPriority)
    HAL_NVIC_SetPriorityGrouping             0x08002a85   Thumb Code    26  stm32f4xx_hal_cortex.o(i.HAL_NVIC_SetPriorityGrouping)
    HAL_RCC_ClockConfig                      0x08002aa9   Thumb Code   288  stm32f4xx_hal_rcc.o(i.HAL_RCC_ClockConfig)
    HAL_RCC_GetPCLK1Freq                     0x08002bdd   Thumb Code    20  stm32f4xx_hal_rcc.o(i.HAL_RCC_GetPCLK1Freq)
    HAL_RCC_GetPCLK2Freq                     0x08002bfd   Thumb Code    20  stm32f4xx_hal_rcc.o(i.HAL_RCC_GetPCLK2Freq)
    HAL_RCC_GetSysClockFreq                  0x08002c1d   Thumb Code    88  stm32f4xx_hal_rcc.o(i.HAL_RCC_GetSysClockFreq)
    HAL_RCC_OscConfig                        0x08002c81   Thumb Code   840  stm32f4xx_hal_rcc.o(i.HAL_RCC_OscConfig)
    HAL_SYSTICK_CLKSourceConfig              0x08002fdd   Thumb Code    24  stm32f4xx_hal_cortex.o(i.HAL_SYSTICK_CLKSourceConfig)
    HAL_SYSTICK_Config                       0x08002ff5   Thumb Code    40  stm32f4xx_hal_cortex.o(i.HAL_SYSTICK_Config)
    HAL_TIMEx_MasterConfigSynchronization    0x0800301d   Thumb Code   116  stm32f4xx_hal_tim_ex.o(i.HAL_TIMEx_MasterConfigSynchronization)
    HAL_TIM_Base_Init                        0x080030ad   Thumb Code    54  stm32f4xx_hal_tim.o(i.HAL_TIM_Base_Init)
    HAL_TIM_Base_MspInit                     0x080030e5   Thumb Code    30  tim.o(i.HAL_TIM_Base_MspInit)
    HAL_TIM_Base_Start                       0x0800310d   Thumb Code    36  stm32f4xx_hal_tim.o(i.HAL_TIM_Base_Start)
    HAL_TIM_ConfigClockSource                0x08003131   Thumb Code   214  stm32f4xx_hal_tim.o(i.HAL_TIM_ConfigClockSource)
    HAL_UART_ErrorCallback                   0x08003207   Thumb Code     2  stm32f4xx_hal_uart.o(i.HAL_UART_ErrorCallback)
    HAL_UART_IRQHandler                      0x08003209   Thumb Code   270  stm32f4xx_hal_uart.o(i.HAL_UART_IRQHandler)
    HAL_UART_Init                            0x0800331d   Thumb Code    98  stm32f4xx_hal_uart.o(i.HAL_UART_Init)
    HAL_UART_MspInit                         0x08003381   Thumb Code   110  usart.o(i.HAL_UART_MspInit)
    HAL_UART_RxCpltCallback                  0x080033fd   Thumb Code     2  stm32f4xx_hal_uart.o(i.HAL_UART_RxCpltCallback)
    HAL_UART_Transmit                        0x080033ff   Thumb Code   186  stm32f4xx_hal_uart.o(i.HAL_UART_Transmit)
    HAL_UART_TxCpltCallback                  0x080034b9   Thumb Code     2  stm32f4xx_hal_uart.o(i.HAL_UART_TxCpltCallback)
    HardFault_Handler                        0x080034bb   Thumb Code     2  stm32f4xx_it.o(i.HardFault_Handler)
    LED_Check                                0x080034bd   Thumb Code    78  main.o(i.LED_Check)
    MX_ADC1_Init                             0x08003511   Thumb Code    88  adc.o(i.MX_ADC1_Init)
    MX_DMA_Init                              0x08003571   Thumb Code    40  dma.o(i.MX_DMA_Init)
    MX_GPIO_Init                             0x0800359d   Thumb Code   572  gpio.o(i.MX_GPIO_Init)
    MX_TIM3_Init                             0x080037fd   Thumb Code    96  tim.o(i.MX_TIM3_Init)
    MX_USART1_UART_Init                      0x08003865   Thumb Code    48  usart.o(i.MX_USART1_UART_Init)
    MemManage_Handler                        0x0800389d   Thumb Code     2  stm32f4xx_it.o(i.MemManage_Handler)
    NMI_Handler                              0x0800389f   Thumb Code     2  stm32f4xx_it.o(i.NMI_Handler)
    OLED_Clear                               0x080038a1   Thumb Code    60  xmf_oled_stm32cube.o(i.OLED_Clear)
    OLED_Init                                0x080038dd   Thumb Code   422  xmf_oled_stm32cube.o(i.OLED_Init)
    OLED_Set_Pos                             0x08003a91   Thumb Code    44  xmf_oled_stm32cube.o(i.OLED_Set_Pos)
    OLED_ShowChar                            0x08003abd   Thumb Code    94  xmf_oled_stm32cube.o(i.OLED_ShowChar)
    OLED_ShowStr                             0x08003b21   Thumb Code    52  xmf_oled_stm32cube.o(i.OLED_ShowStr)
    OLED_ShowString                          0x08003b55   Thumb Code    50  xmf_oled_stm32cube.o(i.OLED_ShowString)
    OLED_WR_Byte                             0x08003b89   Thumb Code   116  xmf_oled_stm32cube.o(i.OLED_WR_Byte)
    OLED_WriteXLine                          0x08003c05   Thumb Code    72  xmf_oled_stm32cube.o(i.OLED_WriteXLine)
    OLED_display_info                        0x08003c4d   Thumb Code    20  main.o(i.OLED_display_info)
    PendSV_Handler                           0x08003c69   Thumb Code     2  stm32f4xx_it.o(i.PendSV_Handler)
    SVC_Handler                              0x08003c6b   Thumb Code     2  stm32f4xx_it.o(i.SVC_Handler)
    SysTick_Handler                          0x08003c6d   Thumb Code     4  stm32f4xx_it.o(i.SysTick_Handler)
    SystemClock_Config                       0x08003c71   Thumb Code   126  main.o(i.SystemClock_Config)
    SystemInit                               0x08003cf9   Thumb Code    22  system_stm32f4xx.o(i.SystemInit)
    TIM_Base_SetConfig                       0x08003d15   Thumb Code   156  stm32f4xx_hal_tim.o(i.TIM_Base_SetConfig)
    TIM_ETR_SetConfig                        0x08003ddd   Thumb Code    20  stm32f4xx_hal_tim.o(i.TIM_ETR_SetConfig)
    USART1_IRQHandler                        0x080040f9   Thumb Code     6  stm32f4xx_it.o(i.USART1_IRQHandler)
    UsageFault_Handler                       0x08004105   Thumb Code     2  stm32f4xx_it.o(i.UsageFault_Handler)
    __0sprintf                               0x08004109   Thumb Code    34  printfa.o(i.__0sprintf)
    __1sprintf                               0x08004109   Thumb Code     0  printfa.o(i.__0sprintf)
    __2sprintf                               0x08004109   Thumb Code     0  printfa.o(i.__0sprintf)
    __c89sprintf                             0x08004109   Thumb Code     0  printfa.o(i.__0sprintf)
    sprintf                                  0x08004109   Thumb Code     0  printfa.o(i.__0sprintf)
    __scatterload_copy                       0x08004151   Thumb Code    14  handlers.o(i.__scatterload_copy)
    __scatterload_null                       0x0800415f   Thumb Code     2  handlers.o(i.__scatterload_null)
    __scatterload_zeroinit                   0x08004161   Thumb Code    14  handlers.o(i.__scatterload_zeroinit)
    delay_init                               0x08004a2d   Thumb Code    16  delay.o(i.delay_init)
    delay_ms                                 0x08004a41   Thumb Code    26  delay.o(i.delay_ms)
    delay_us                                 0x08004a5d   Thumb Code    48  delay.o(i.delay_us)
    main                                     0x08004a91   Thumb Code   676  main.o(i.main)
    F8X16                                    0x08004d8c   Data        1520  xmf_oled_stm32cube.o(.constdata)
    Hzk                                      0x0800537c   Data         320  xmf_oled_stm32cube.o(.constdata)
    AHBPrescTable                            0x080054c4   Data          16  system_stm32f4xx.o(.constdata)
    APBPrescTable                            0x080054d4   Data           8  system_stm32f4xx.o(.constdata)
    arm_cfft_sR_f32_len4096                  0x080054dc   Data          16  arm_const_structs.o(.constdata)
    twiddleCoef_4096                         0x080054ec   Data       32768  arm_common_tables.o(.constdata)
    armBitRevIndexTable4096                  0x0800d4ec   Data        8064  arm_common_tables.o(.constdata)
    Region$$Table$$Base                      0x0800f46c   Number         0  anon$$obj.o(Region$$Table)
    Region$$Table$$Limit                     0x0800f49c   Number         0  anon$$obj.o(Region$$Table)
    i                                        0x10000004   Data           4  main.o(.data)
    tat                                      0x10000008   Data           4  main.o(.data)
    THD                                      0x1000000c   Data           4  main.o(.data)
    uwTickFreq                               0x10000010   Data           1  stm32f4xx_hal.o(.data)
    uwTickPrio                               0x10000014   Data           4  stm32f4xx_hal.o(.data)
    uwTick                                   0x10000018   Data           4  stm32f4xx_hal.o(.data)
    SystemCoreClock                          0x1000001c   Data           4  system_stm32f4xx.o(.data)
    hadc1                                    0x10000020   Data          72  adc.o(.bss)
    hdma_adc1                                0x10000068   Data          96  adc.o(.bss)
    htim3                                    0x100000c8   Data          64  tim.o(.bss)
    huart1                                   0x10000108   Data          64  usart.o(.bss)
    __initial_sp                             0x10000548   Data           0  startup_stm32f407xx.o(STACK)
    adc_buff                                 0x20000000   Data        8192  main.o(.bss)
    fadc_buf                                 0x20002000   Data       16384  main.o(.bss)
    fft_hz                                   0x20006000   Data          20  main.o(.bss)
    fft_Value                                0x20006014   Data          20  main.o(.bss)
    disFFT                                   0x20006028   Data       24576  main.o(.bss)
    FFT_InputBuf                             0x2000c028   Data       32768  main.o(.bss)
    FFT_OutputBuf                            0x20014028   Data       16384  main.o(.bss)
    u_buf                                    0x20018028   Data         512  main.o(.bss)
    str_buff                                 0x20018228   Data          12  main.o(.bss)



==============================================================================

Memory Map of the image

  Image Entry point : 0x08000249

  Load Region LR_IROM1 (Base: 0x08000000, Size: 0x0000f4bc, Max: 0x00100000, ABSOLUTE)

    Execution Region ER_IROM1 (Exec base: 0x08000000, Load base: 0x08000000, Size: 0x0000f49c, Max: 0x00100000, ABSOLUTE)

    Exec Addr    Load Addr    Size         Type   Attr      Idx    E Section Name        Object

    0x08000000   0x08000000   0x00000188   Data   RO            3    RESET               startup_stm32f407xx.o
    0x08000188   0x08000188   0x000000c0   Code   RO         3846    . text              arm_cortexM4lf_math.lib(arm_bitreversal2.o)
    0x08000248   0x08000248   0x00000000   Code   RO         3932  * .ARM.Collect$$$$00000000  mc_w.l(entry.o)
    0x08000248   0x08000248   0x00000004   Code   RO         4210    .ARM.Collect$$$$00000001  mc_w.l(entry2.o)
    0x0800024c   0x0800024c   0x00000004   Code   RO         4213    .ARM.Collect$$$$00000004  mc_w.l(entry5.o)
    0x08000250   0x08000250   0x00000000   Code   RO         4215    .ARM.Collect$$$$00000008  mc_w.l(entry7b.o)
    0x08000250   0x08000250   0x00000000   Code   RO         4217    .ARM.Collect$$$$0000000A  mc_w.l(entry8b.o)
    0x08000250   0x08000250   0x00000008   Code   RO         4218    .ARM.Collect$$$$0000000B  mc_w.l(entry9a.o)
    0x08000258   0x08000258   0x00000000   Code   RO         4220    .ARM.Collect$$$$0000000D  mc_w.l(entry10a.o)
    0x08000258   0x08000258   0x00000000   Code   RO         4222    .ARM.Collect$$$$0000000F  mc_w.l(entry11a.o)
    0x08000258   0x08000258   0x00000004   Code   RO         4211    .ARM.Collect$$$$00002712  mc_w.l(entry2.o)
    0x0800025c   0x0800025c   0x00000024   Code   RO            4    .text               startup_stm32f407xx.o
    0x08000280   0x08000280   0x000000fc   Code   RO         3613    .text               arm_cortexM4lf_math.lib(arm_cmplx_mag_f32.o)
    0x0800037c   0x0800037c   0x00000722   Code   RO         3659    .text               arm_cortexM4lf_math.lib(arm_cfft_f32.o)
    0x08000a9e   0x08000a9e   0x00000002   PAD
    0x08000aa0   0x08000aa0   0x000004dc   Code   RO         3825    .text               arm_cortexM4lf_math.lib(arm_cfft_radix8_f32.o)
    0x08000f7c   0x08000f7c   0x00000062   Code   RO         3935    .text               mc_w.l(uldiv.o)
    0x08000fde   0x08000fde   0x00000024   Code   RO         3937    .text               mc_w.l(memseta.o)
    0x08001002   0x08001002   0x000000e4   Code   RO         4200    .text               mf_w.l(dmul.o)
    0x080010e6   0x080010e6   0x000000de   Code   RO         4202    .text               mf_w.l(ddiv.o)
    0x080011c4   0x080011c4   0x00000022   Code   RO         4204    .text               mf_w.l(dflti.o)
    0x080011e6   0x080011e6   0x00000026   Code   RO         4206    .text               mf_w.l(f2d.o)
    0x0800120c   0x0800120c   0x00000030   Code   RO         4208    .text               mf_w.l(cdrcmple.o)
    0x0800123c   0x0800123c   0x0000002c   Code   RO         4225    .text               mc_w.l(uidiv.o)
    0x08001268   0x08001268   0x0000001e   Code   RO         4227    .text               mc_w.l(llshl.o)
    0x08001286   0x08001286   0x00000020   Code   RO         4229    .text               mc_w.l(llushr.o)
    0x080012a6   0x080012a6   0x00000000   Code   RO         4231    .text               mc_w.l(iusefp.o)
    0x080012a6   0x080012a6   0x000000ba   Code   RO         4232    .text               mf_w.l(depilogue.o)
    0x08001360   0x08001360   0x0000014e   Code   RO         4234    .text               mf_w.l(dadd.o)
    0x080014ae   0x080014ae   0x00000030   Code   RO         4236    .text               mf_w.l(dfixul.o)
    0x080014de   0x080014de   0x00000002   PAD
    0x080014e0   0x080014e0   0x00000024   Code   RO         4238    .text               mc_w.l(init.o)
    0x08001504   0x08001504   0x00000024   Code   RO         4240    .text               mc_w.l(llsshr.o)
    0x08001528   0x08001528   0x0000006e   Code   RO          914    i.ADC_DMAConvCplt   stm32f4xx_hal_adc.o
    0x08001596   0x08001596   0x00000016   Code   RO          915    i.ADC_DMAError      stm32f4xx_hal_adc.o
    0x080015ac   0x080015ac   0x0000000a   Code   RO          916    i.ADC_DMAHalfConvCplt  stm32f4xx_hal_adc.o
    0x080015b6   0x080015b6   0x00000002   PAD
    0x080015b8   0x080015b8   0x00000058   Code   RO          291    i.ADC_DMAStart      main.o
    0x08001610   0x08001610   0x00000128   Code   RO          917    i.ADC_Init          stm32f4xx_hal_adc.o
    0x08001738   0x08001738   0x00000002   Code   RO          790    i.BusFault_Handler  stm32f4xx_it.o
    0x0800173a   0x0800173a   0x00000002   PAD
    0x0800173c   0x0800173c   0x0000021c   Code   RO          293    i.CalculateTHD      main.o
    0x08001958   0x08001958   0x00000088   Code   RO          294    i.CalculateTHDAve   main.o
    0x080019e0   0x080019e0   0x00000014   Code   RO          295    i.ClearStrBuf       main.o
    0x080019f4   0x080019f4   0x0000000c   Code   RO          791    i.DMA2_Stream0_IRQHandler  stm32f4xx_it.o
    0x08001a00   0x08001a00   0x00000028   Code   RO         1648    i.DMA_CalcBaseAndBitshift  stm32f4xx_hal_dma.o
    0x08001a28   0x08001a28   0x00000054   Code   RO         1649    i.DMA_CheckFifoParam  stm32f4xx_hal_dma.o
    0x08001a7c   0x08001a7c   0x00000028   Code   RO         1650    i.DMA_SetConfig     stm32f4xx_hal_dma.o
    0x08001aa4   0x08001aa4   0x00000002   Code   RO          792    i.DebugMon_Handler  stm32f4xx_it.o
    0x08001aa6   0x08001aa6   0x00000002   PAD
    0x08001aa8   0x08001aa8   0x00000034   Code   RO          296    i.DisplayButtonDistortionWave  main.o
    0x08001adc   0x08001adc   0x00000034   Code   RO          297    i.DisplayCrossoverDistortionWave  main.o
    0x08001b10   0x08001b10   0x00000034   Code   RO          298    i.DisplayNormalWave  main.o
    0x08001b44   0x08001b44   0x00000034   Code   RO          299    i.DisplayTopDistortionWave  main.o
    0x08001b78   0x08001b78   0x00000034   Code   RO          300    i.DisplayTwoWayDistortionWave  main.o
    0x08001bac   0x08001bac   0x000002d4   Code   RO          301    i.DisplayWave       main.o
    0x08001e80   0x08001e80   0x00000006   Code   RO          793    i.EXTI0_IRQHandler  stm32f4xx_it.o
    0x08001e86   0x08001e86   0x00000006   Code   RO          794    i.EXTI2_IRQHandler  stm32f4xx_it.o
    0x08001e8c   0x08001e8c   0x00000002   Code   RO          302    i.Error_Handler     main.o
    0x08001e8e   0x08001e8e   0x00000002   PAD
    0x08001e90   0x08001e90   0x00000050   Code   RO          303    i.FFT_Shift         main.o
    0x08001ee0   0x08001ee0   0x0000014c   Code   RO          919    i.HAL_ADC_ConfigChannel  stm32f4xx_hal_adc.o
    0x0800202c   0x0800202c   0x00000002   Code   RO          920    i.HAL_ADC_ConvCpltCallback  stm32f4xx_hal_adc.o
    0x0800202e   0x0800202e   0x00000002   Code   RO          921    i.HAL_ADC_ConvHalfCpltCallback  stm32f4xx_hal_adc.o
    0x08002030   0x08002030   0x00000002   Code   RO          923    i.HAL_ADC_ErrorCallback  stm32f4xx_hal_adc.o
    0x08002032   0x08002032   0x00000054   Code   RO          928    i.HAL_ADC_Init      stm32f4xx_hal_adc.o
    0x08002086   0x08002086   0x00000002   PAD
    0x08002088   0x08002088   0x00000098   Code   RO          638    i.HAL_ADC_MspInit   adc.o
    0x08002120   0x08002120   0x000000ec   Code   RO          934    i.HAL_ADC_Start     stm32f4xx_hal_adc.o
    0x0800220c   0x0800220c   0x00000130   Code   RO          935    i.HAL_ADC_Start_DMA  stm32f4xx_hal_adc.o
    0x0800233c   0x0800233c   0x00000058   Code   RO          938    i.HAL_ADC_Stop_DMA  stm32f4xx_hal_adc.o
    0x08002394   0x08002394   0x0000008e   Code   RO         1651    i.HAL_DMA_Abort     stm32f4xx_hal_dma.o
    0x08002422   0x08002422   0x00000024   Code   RO         1652    i.HAL_DMA_Abort_IT  stm32f4xx_hal_dma.o
    0x08002446   0x08002446   0x00000002   PAD
    0x08002448   0x08002448   0x000001a0   Code   RO         1656    i.HAL_DMA_IRQHandler  stm32f4xx_hal_dma.o
    0x080025e8   0x080025e8   0x000000d4   Code   RO         1657    i.HAL_DMA_Init      stm32f4xx_hal_dma.o
    0x080026bc   0x080026bc   0x0000006e   Code   RO         1661    i.HAL_DMA_Start_IT  stm32f4xx_hal_dma.o
    0x0800272a   0x0800272a   0x00000002   PAD
    0x0800272c   0x0800272c   0x00000024   Code   RO         2070    i.HAL_Delay         stm32f4xx_hal.o
    0x08002750   0x08002750   0x0000003c   Code   RO          304    i.HAL_GPIO_EXTI_Callback  main.o
    0x0800278c   0x0800278c   0x00000018   Code   RO         1543    i.HAL_GPIO_EXTI_IRQHandler  stm32f4xx_hal_gpio.o
    0x080027a4   0x080027a4   0x000001b8   Code   RO         1544    i.HAL_GPIO_Init     stm32f4xx_hal_gpio.o
    0x0800295c   0x0800295c   0x0000000a   Code   RO         1548    i.HAL_GPIO_WritePin  stm32f4xx_hal_gpio.o
    0x08002966   0x08002966   0x00000002   PAD
    0x08002968   0x08002968   0x0000000c   Code   RO         2076    i.HAL_GetTick       stm32f4xx_hal.o
    0x08002974   0x08002974   0x00000010   Code   RO         2082    i.HAL_IncTick       stm32f4xx_hal.o
    0x08002984   0x08002984   0x00000034   Code   RO         2083    i.HAL_Init          stm32f4xx_hal.o
    0x080029b8   0x080029b8   0x00000040   Code   RO         2084    i.HAL_InitTick      stm32f4xx_hal.o
    0x080029f8   0x080029f8   0x00000030   Code   RO          890    i.HAL_MspInit       stm32f4xx_hal_msp.o
    0x08002a28   0x08002a28   0x0000001a   Code   RO         1933    i.HAL_NVIC_EnableIRQ  stm32f4xx_hal_cortex.o
    0x08002a42   0x08002a42   0x00000002   PAD
    0x08002a44   0x08002a44   0x00000040   Code   RO         1939    i.HAL_NVIC_SetPriority  stm32f4xx_hal_cortex.o
    0x08002a84   0x08002a84   0x00000024   Code   RO         1940    i.HAL_NVIC_SetPriorityGrouping  stm32f4xx_hal_cortex.o
    0x08002aa8   0x08002aa8   0x00000134   Code   RO         1190    i.HAL_RCC_ClockConfig  stm32f4xx_hal_rcc.o
    0x08002bdc   0x08002bdc   0x00000020   Code   RO         1197    i.HAL_RCC_GetPCLK1Freq  stm32f4xx_hal_rcc.o
    0x08002bfc   0x08002bfc   0x00000020   Code   RO         1198    i.HAL_RCC_GetPCLK2Freq  stm32f4xx_hal_rcc.o
    0x08002c1c   0x08002c1c   0x00000064   Code   RO         1199    i.HAL_RCC_GetSysClockFreq  stm32f4xx_hal_rcc.o
    0x08002c80   0x08002c80   0x0000035c   Code   RO         1202    i.HAL_RCC_OscConfig  stm32f4xx_hal_rcc.o
    0x08002fdc   0x08002fdc   0x00000018   Code   RO         1942    i.HAL_SYSTICK_CLKSourceConfig  stm32f4xx_hal_cortex.o
    0x08002ff4   0x08002ff4   0x00000028   Code   RO         1944    i.HAL_SYSTICK_Config  stm32f4xx_hal_cortex.o
    0x0800301c   0x0800301c   0x00000090   Code   RO         3016    i.HAL_TIMEx_MasterConfigSynchronization  stm32f4xx_hal_tim_ex.o
    0x080030ac   0x080030ac   0x00000036   Code   RO         2323    i.HAL_TIM_Base_Init  stm32f4xx_hal_tim.o
    0x080030e2   0x080030e2   0x00000002   PAD
    0x080030e4   0x080030e4   0x00000028   Code   RO          707    i.HAL_TIM_Base_MspInit  tim.o
    0x0800310c   0x0800310c   0x00000024   Code   RO         2326    i.HAL_TIM_Base_Start  stm32f4xx_hal_tim.o
    0x08003130   0x08003130   0x000000d6   Code   RO         2332    i.HAL_TIM_ConfigClockSource  stm32f4xx_hal_tim.o
    0x08003206   0x08003206   0x00000002   Code   RO         3270    i.HAL_UART_ErrorCallback  stm32f4xx_hal_uart.o
    0x08003208   0x08003208   0x00000114   Code   RO         3273    i.HAL_UART_IRQHandler  stm32f4xx_hal_uart.o
    0x0800331c   0x0800331c   0x00000062   Code   RO         3274    i.HAL_UART_Init     stm32f4xx_hal_uart.o
    0x0800337e   0x0800337e   0x00000002   PAD
    0x08003380   0x08003380   0x0000007c   Code   RO          749    i.HAL_UART_MspInit  usart.o
    0x080033fc   0x080033fc   0x00000002   Code   RO         3280    i.HAL_UART_RxCpltCallback  stm32f4xx_hal_uart.o
    0x080033fe   0x080033fe   0x000000ba   Code   RO         3282    i.HAL_UART_Transmit  stm32f4xx_hal_uart.o
    0x080034b8   0x080034b8   0x00000002   Code   RO         3285    i.HAL_UART_TxCpltCallback  stm32f4xx_hal_uart.o
    0x080034ba   0x080034ba   0x00000002   Code   RO          795    i.HardFault_Handler  stm32f4xx_it.o
    0x080034bc   0x080034bc   0x00000054   Code   RO          306    i.LED_Check         main.o
    0x08003510   0x08003510   0x00000060   Code   RO          639    i.MX_ADC1_Init      adc.o
    0x08003570   0x08003570   0x0000002c   Code   RO          679    i.MX_DMA_Init       dma.o
    0x0800359c   0x0800359c   0x00000260   Code   RO          604    i.MX_GPIO_Init      gpio.o
    0x080037fc   0x080037fc   0x00000068   Code   RO          708    i.MX_TIM3_Init      tim.o
    0x08003864   0x08003864   0x00000038   Code   RO          750    i.MX_USART1_UART_Init  usart.o
    0x0800389c   0x0800389c   0x00000002   Code   RO          796    i.MemManage_Handler  stm32f4xx_it.o
    0x0800389e   0x0800389e   0x00000002   Code   RO          797    i.NMI_Handler       stm32f4xx_it.o
    0x080038a0   0x080038a0   0x0000003c   Code   RO          163    i.OLED_Clear        xmf_oled_stm32cube.o
    0x080038dc   0x080038dc   0x000001b4   Code   RO          167    i.OLED_Init         xmf_oled_stm32cube.o
    0x08003a90   0x08003a90   0x0000002c   Code   RO          168    i.OLED_Set_Pos      xmf_oled_stm32cube.o
    0x08003abc   0x08003abc   0x00000064   Code   RO          170    i.OLED_ShowChar     xmf_oled_stm32cube.o
    0x08003b20   0x08003b20   0x00000034   Code   RO          172    i.OLED_ShowStr      xmf_oled_stm32cube.o
    0x08003b54   0x08003b54   0x00000032   Code   RO          173    i.OLED_ShowString   xmf_oled_stm32cube.o
    0x08003b86   0x08003b86   0x00000002   PAD
    0x08003b88   0x08003b88   0x0000007c   Code   RO          174    i.OLED_WR_Byte      xmf_oled_stm32cube.o
    0x08003c04   0x08003c04   0x00000048   Code   RO          175    i.OLED_WriteXLine   xmf_oled_stm32cube.o
    0x08003c4c   0x08003c4c   0x0000001c   Code   RO          308    i.OLED_display_info  main.o
    0x08003c68   0x08003c68   0x00000002   Code   RO          798    i.PendSV_Handler    stm32f4xx_it.o
    0x08003c6a   0x08003c6a   0x00000002   Code   RO          799    i.SVC_Handler       stm32f4xx_it.o
    0x08003c6c   0x08003c6c   0x00000004   Code   RO          800    i.SysTick_Handler   stm32f4xx_it.o
    0x08003c70   0x08003c70   0x00000088   Code   RO          311    i.SystemClock_Config  main.o
    0x08003cf8   0x08003cf8   0x0000001c   Code   RO         3576    i.SystemInit        system_stm32f4xx.o
    0x08003d14   0x08003d14   0x000000c8   Code   RO         2411    i.TIM_Base_SetConfig  stm32f4xx_hal_tim.o
    0x08003ddc   0x08003ddc   0x00000014   Code   RO         2422    i.TIM_ETR_SetConfig  stm32f4xx_hal_tim.o
    0x08003df0   0x08003df0   0x00000010   Code   RO         2423    i.TIM_ITRx_SetConfig  stm32f4xx_hal_tim.o
    0x08003e00   0x08003e00   0x00000022   Code   RO         2429    i.TIM_TI1_ConfigInputStage  stm32f4xx_hal_tim.o
    0x08003e22   0x08003e22   0x00000024   Code   RO         2431    i.TIM_TI2_ConfigInputStage  stm32f4xx_hal_tim.o
    0x08003e46   0x08003e46   0x00000010   Code   RO         3287    i.UART_DMAAbortOnError  stm32f4xx_hal_uart.o
    0x08003e56   0x08003e56   0x0000001c   Code   RO         3297    i.UART_EndRxTransfer  stm32f4xx_hal_uart.o
    0x08003e72   0x08003e72   0x00000096   Code   RO         3299    i.UART_Receive_IT   stm32f4xx_hal_uart.o
    0x08003f08   0x08003f08   0x00000128   Code   RO         3300    i.UART_SetConfig    stm32f4xx_hal_uart.o
    0x08004030   0x08004030   0x00000062   Code   RO         3301    i.UART_Transmit_IT  stm32f4xx_hal_uart.o
    0x08004092   0x08004092   0x00000064   Code   RO         3302    i.UART_WaitOnFlagUntilTimeout  stm32f4xx_hal_uart.o
    0x080040f6   0x080040f6   0x00000002   PAD
    0x080040f8   0x080040f8   0x0000000c   Code   RO          801    i.USART1_IRQHandler  stm32f4xx_it.o
    0x08004104   0x08004104   0x00000002   Code   RO          802    i.UsageFault_Handler  stm32f4xx_it.o
    0x08004106   0x08004106   0x00000002   PAD
    0x08004108   0x08004108   0x00000028   Code   RO         4174    i.__0sprintf        mc_w.l(printfa.o)
    0x08004130   0x08004130   0x00000020   Code   RO         1946    i.__NVIC_SetPriority  stm32f4xx_hal_cortex.o
    0x08004150   0x08004150   0x0000000e   Code   RO         4244    i.__scatterload_copy  mc_w.l(handlers.o)
    0x0800415e   0x0800415e   0x00000002   Code   RO         4245    i.__scatterload_null  mc_w.l(handlers.o)
    0x08004160   0x08004160   0x0000000e   Code   RO         4246    i.__scatterload_zeroinit  mc_w.l(handlers.o)
    0x0800416e   0x0800416e   0x00000002   PAD
    0x08004170   0x08004170   0x00000184   Code   RO         4179    i._fp_digits        mc_w.l(printfa.o)
    0x080042f4   0x080042f4   0x000006dc   Code   RO         4180    i._printf_core      mc_w.l(printfa.o)
    0x080049d0   0x080049d0   0x00000024   Code   RO         4181    i._printf_post_padding  mc_w.l(printfa.o)
    0x080049f4   0x080049f4   0x0000002e   Code   RO         4182    i._printf_pre_padding  mc_w.l(printfa.o)
    0x08004a22   0x08004a22   0x0000000a   Code   RO         4184    i._sputc            mc_w.l(printfa.o)
    0x08004a2c   0x08004a2c   0x00000014   Code   RO           22    i.delay_init        delay.o
    0x08004a40   0x08004a40   0x0000001a   Code   RO           23    i.delay_ms          delay.o
    0x08004a5a   0x08004a5a   0x00000002   PAD
    0x08004a5c   0x08004a5c   0x00000034   Code   RO           24    i.delay_us          delay.o
    0x08004a90   0x08004a90   0x000002fc   Code   RO          313    i.main              main.o
    0x08004d8c   0x08004d8c   0x00000730   Data   RO          180    .constdata          xmf_oled_stm32cube.o
    0x080054bc   0x080054bc   0x00000008   Data   RO         1663    .constdata          stm32f4xx_hal_dma.o
    0x080054c4   0x080054c4   0x00000010   Data   RO         3577    .constdata          system_stm32f4xx.o
    0x080054d4   0x080054d4   0x00000008   Data   RO         3578    .constdata          system_stm32f4xx.o
    0x080054dc   0x080054dc   0x00000010   Data   RO         3698    .constdata          arm_cortexM4lf_math.lib(arm_const_structs.o)
    0x080054ec   0x080054ec   0x00008000   Data   RO         3862    .constdata          arm_cortexM4lf_math.lib(arm_common_tables.o)
    0x0800d4ec   0x0800d4ec   0x00001f80   Data   RO         3891    .constdata          arm_cortexM4lf_math.lib(arm_common_tables.o)
    0x0800f46c   0x0800f46c   0x00000030   Data   RO         4242    Region$$Table       anon$$obj.o


    Execution Region RW_IRAM2 (Exec base: 0x10000000, Load base: 0x0800f49c, Size: 0x00000548, Max: 0x00010000, ABSOLUTE)

    Exec Addr    Load Addr    Size         Type   Attr      Idx    E Section Name        Object

    0x10000000   0x0800f49c   0x00000004   Data   RW           25    .data               delay.o
    0x10000004   0x0800f4a0   0x0000000c   Data   RW          316    .data               main.o
    0x10000010   0x0800f4ac   0x0000000c   Data   RW         2090    .data               stm32f4xx_hal.o
    0x1000001c   0x0800f4b8   0x00000004   Data   RW         3579    .data               system_stm32f4xx.o
    0x10000020        -       0x000000a8   Zero   RW          640    .bss                adc.o
    0x100000c8        -       0x00000040   Zero   RW          709    .bss                tim.o
    0x10000108        -       0x00000040   Zero   RW          751    .bss                usart.o
    0x10000148        -       0x00000400   Zero   RW            1    STACK               startup_stm32f407xx.o


    Execution Region RW_IRAM1 (Exec base: 0x20000000, Load base: 0x0800f49c, Size: 0x00018234, Max: 0x00020000, ABSOLUTE)

    Exec Addr    Load Addr    Size         Type   Attr      Idx    E Section Name        Object

    0x20000000        -       0x00018234   Zero   RW          314    .bss                main.o


==============================================================================

Image component sizes


      Code (inc. data)   RO Data    RW Data    ZI Data      Debug   Object Name

       248         30          0          0        168       1807   adc.o
        98          8          0          4          0     700919   delay.o
        44          4          0          0          0        794   dma.o
       608         36          0          0          0       1327   gpio.o
      2922        398          0         12      98868     693743   main.o
        36          8        392          0       1024        844   startup_stm32f407xx.o
       180         28          0         12          0       9485   stm32f4xx_hal.o
      1488         90          0          0          0       9152   stm32f4xx_hal_adc.o
       222         14          0          0          0      34653   stm32f4xx_hal_cortex.o
      1080         16          8          0          0       7430   stm32f4xx_hal_dma.o
       474         52          0          0          0       3055   stm32f4xx_hal_gpio.o
        48          6          0          0          0        874   stm32f4xx_hal_msp.o
      1332         76          0          0          0       5276   stm32f4xx_hal_rcc.o
       610         44          0          0          0       6904   stm32f4xx_hal_tim.o
       144         28          0          0          0       1360   stm32f4xx_hal_tim_ex.o
      1254         16          0          0          0       9639   stm32f4xx_hal_uart.o
        56         12          0          0          0       6166   stm32f4xx_it.o
        28          6         24          4          0       1179   system_stm32f4xx.o
       144         18          0          0         64       1690   tim.o
       180         22          0          0         64       1754   usart.o
       938         28       1840          0          0       8008   xmf_oled_stm32cube.o

    ----------------------------------------------------------------------
     12164        940       2312         32     100188    1506059   Object Totals
         0          0         48          0          0          0   (incl. Generated)
        30          0          0          0          0          0   (incl. Padding)

    ----------------------------------------------------------------------

      Code (inc. data)   RO Data    RW Data    ZI Data      Debug   Library Member Name

       192          0          0          0          0        572   arm_bitreversal2.o
      1826          0          0          0          0      17385   arm_cfft_f32.o
      1244          4          0          0          0       3123   arm_cfft_radix8_f32.o
       252          6          0          0          0      17652   arm_cmplx_mag_f32.o
         0          0      40832          0          0       4704   arm_common_tables.o
         0          0         16          0          0       4212   arm_const_structs.o
         0          0          0          0          0          0   entry.o
         0          0          0          0          0          0   entry10a.o
         0          0          0          0          0          0   entry11a.o
         8          4          0          0          0          0   entry2.o
         4          0          0          0          0          0   entry5.o
         0          0          0          0          0          0   entry7b.o
         0          0          0          0          0          0   entry8b.o
         8          4          0          0          0          0   entry9a.o
        30          0          0          0          0          0   handlers.o
        36          8          0          0          0         68   init.o
         0          0          0          0          0          0   iusefp.o
        30          0          0          0          0         68   llshl.o
        36          0          0          0          0         68   llsshr.o
        32          0          0          0          0         68   llushr.o
        36          0          0          0          0        108   memseta.o
      2276         86          0          0          0        520   printfa.o
        44          0          0          0          0         80   uidiv.o
        98          0          0          0          0         92   uldiv.o
        48          0          0          0          0         68   cdrcmple.o
       334          0          0          0          0        148   dadd.o
       222          0          0          0          0        100   ddiv.o
       186          0          0          0          0        176   depilogue.o
        48          0          0          0          0         68   dfixul.o
        34          0          0          0          0         76   dflti.o
       228          0          0          0          0         96   dmul.o
        38          0          0          0          0         68   f2d.o

    ----------------------------------------------------------------------
      7296        112      40848          0          0      49520   Library Totals
         6          0          0          0          0          0   (incl. Padding)

    ----------------------------------------------------------------------

      Code (inc. data)   RO Data    RW Data    ZI Data      Debug   Library Name

      3514         10      40848          0          0      47648   arm_cortexM4lf_math.lib
      2638        102          0          0          0       1072   mc_w.l
      1138          0          0          0          0        800   mf_w.l

    ----------------------------------------------------------------------
      7296        112      40848          0          0      49520   Library Totals

    ----------------------------------------------------------------------

==============================================================================


      Code (inc. data)   RO Data    RW Data    ZI Data      Debug   

     19460       1052      43160         32     100188    1544147   Grand Totals
     19460       1052      43160         32     100188    1544147   ELF Image Totals
     19460       1052      43160         32          0          0   ROM Totals

==============================================================================

    Total RO  Size (Code + RO Data)                62620 (  61.15kB)
    Total RW  Size (RW Data + ZI Data)            100220 (  97.87kB)
    Total ROM Size (Code + RO Data + RW Data)      62652 (  61.18kB)

==============================================================================

